2023-04-27 00:33:37.635 T:16644   debug <general>: LocalizeStrings: loaded 168 strings from file C:\Program Files (x86)\Kodi\addons\skin.estuary\language\resource.language.en_gb\strings.po
2023-04-27 00:33:37.635 T:16644    info <general>: ADDON::CSkinInfo::LoadTimers: Trying to load skin timers from C:\Program Files (x86)\Kodi\addons\skin.estuary\xml\Timers.xml
2023-04-27 00:33:37.636 T:16644    info <general>:   load new skin...
2023-04-27 00:33:37.636 T:16644    info <general>: Loading custom window XMLs from skin path C:\Program Files (x86)\Kodi\addons\skin.estuary\xml
2023-04-27 00:33:37.642 T:16644   debug <general>: Load Skin XML: 6.32 ms
2023-04-27 00:33:37.642 T:16644    info <general>:   initialize new skin...
2023-04-27 00:33:37.642 T:16644   debug <general>: guilib: Fill viewport on change for solving rendering passes
2023-04-27 00:33:37.642 T:16644    info <general>: Loading skin file: DialogBusy.xml, load type: LOAD_ON_GUI_INIT
2023-04-27 00:33:37.643 T:16644    info <general>: Loading skin file: Pointer.xml, load type: LOAD_ON_GUI_INIT
2023-04-27 00:33:37.645 T:16644   debug <general>: CTextureBundleXBT::OpenBundle - Opened bundle C:\Program Files (x86)\Kodi\addons\skin.estuary\media\Textures.xbt
2023-04-27 00:33:37.646 T:16644    info <general>: Loading skin file: DialogVolumeBar.xml, load type: LOAD_ON_GUI_INIT
2023-04-27 00:33:37.647 T:16644    info <general>: Loading skin file: DialogExtendedProgressBar.xml, load type: LOAD_ON_GUI_INIT
2023-04-27 00:33:37.648 T:16644    info <general>: Loading skin file: DialogSeekBar.xml, load type: LOAD_ON_GUI_INIT
2023-04-27 00:33:37.659 T:16644    info <general>: Loading skin file: DialogNotification.xml, load type: LOAD_ON_GUI_INIT
2023-04-27 00:33:37.659 T:16644    info <general>: Loading skin file: DialogBusy.xml, load type: LOAD_ON_GUI_INIT
2023-04-27 00:33:37.660 T:16644    info <general>: Loading skin file: Custom_1109_TopBarOverlay.xml, load type: LOAD_ON_GUI_INIT
2023-04-27 00:33:37.668 T:16644    info <general>: Loading resource://resource.uisounds.kodi/sounds.xml
2023-04-27 00:33:37.685 T:16644    info <general>:   skin loaded...
2023-04-27 00:33:37.685 T:16644   debug <general>: Activating window ID: 12997
2023-04-27 00:33:37.685 T:16644   debug <general>: ------ Window Init () ------
2023-04-27 00:33:37.686 T:16644   debug <general>: Activating window ID: 12999
2023-04-27 00:33:37.686 T:16644   debug <general>: ------ Window Init (Startup.xml) ------
2023-04-27 00:33:37.686 T:16644    info <general>: Loading skin file: Startup.xml, load type: LOAD_EVERY_TIME
2023-04-27 00:33:37.687 T:16644   debug <general>: Activating window ID: 10000
2023-04-27 00:33:37.687 T:16644   debug <general>: ------ Window Deinit (Startup.xml) ------
2023-04-27 00:33:37.687 T:16644   debug <general>: ------ Window Init (Home.xml) ------
2023-04-27 00:33:37.687 T:16644    info <general>: Loading skin file: Home.xml, load type: KEEP_IN_MEMORY
2023-04-27 00:33:37.746 T:16644   debug <general>: CDirectoryProvider[library://video/movies/]: refreshing..
2023-04-27 00:33:37.746 T:16644   debug <general>: CDirectoryProvider[special://skin/playlists/inprogress_movies.xsp]: refreshing..
2023-04-27 00:33:37.746 T:17196   debug <general>: Thread JobWorker start, auto delete: true
2023-04-27 00:33:37.746 T:16644   debug <general>: CDirectoryProvider[special://skin/playlists/recent_unwatched_movies.xsp]: refreshing..
2023-04-27 00:33:37.746 T:16712   debug <general>: Thread JobWorker start, auto delete: true
2023-04-27 00:33:37.746 T:16644   debug <general>: CDirectoryProvider[special://skin/playlists/unwatched_movies.xsp]: refreshing..
2023-04-27 00:33:37.747 T:16644   debug <general>: CDirectoryProvider[special://skin/playlists/random_movies.xsp]: refreshing..
2023-04-27 00:33:37.747 T:16644   debug <general>: CDirectoryProvider[videodb://movies/genres/]: refreshing..
2023-04-27 00:33:37.747 T:16644   debug <general>: CDirectoryProvider[videodb://movies/sets/]: refreshing..
2023-04-27 00:33:37.747 T:16644   debug <general>: CDirectoryProvider[addons://]: refreshing..
2023-04-27 00:33:37.747 T:16644   debug <general>: CDirectoryProvider[addons://sources/video/]: refreshing..
2023-04-27 00:33:37.747 T:16644   debug <general>: CDirectoryProvider[addons://sources/audio/]: refreshing..
2023-04-27 00:33:37.747 T:16644   debug <general>: CDirectoryProvider[addons://sources/game/]: refreshing..
2023-04-27 00:33:37.747 T:16644   debug <general>: CDirectoryProvider[addons://sources/executable/]: refreshing..
2023-04-27 00:33:37.747 T:16644   debug <general>: CDirectoryProvider[addons://sources/image/]: refreshing..
2023-04-27 00:33:37.747 T:16644   debug <general>: CDirectoryProvider[library://video/]: refreshing..
2023-04-27 00:33:37.747 T:16644   debug <general>: CDirectoryProvider[sources://video/]: refreshing..
2023-04-27 00:33:37.747 T:16644   debug <general>: CDirectoryProvider[special://videoplaylists/]: refreshing..
2023-04-27 00:33:37.747 T:16644   debug <general>: CDirectoryProvider[favourites://]: refreshing..
2023-04-27 00:33:37.748 T:16644   debug <general>: CDirectoryProvider[sources://pictures/]: refreshing..
2023-04-27 00:33:37.748 T:16644   debug <general>: CDirectoryProvider[addons://sources/game/]: refreshing..
2023-04-27 00:33:37.763 T:16644   debug <general>: JSONRPC: JSON schema type definition references an unknown type Setting.Details.Setting
2023-04-27 00:33:37.764 T:16644 warning <general>: JSONRPC: Could not parse type "Setting.Details.SettingList"
2023-04-27 00:33:37.764 T:16644    info <general>: JSONRPC: Adding type "Setting.Details.SettingList" to list of incomplete definitions (waiting for "Setting.Details.Setting")
2023-04-27 00:33:37.764 T:16644    info <general>: JSONRPC: Resolving incomplete types/methods referencing Setting.Details.Setting
2023-04-27 00:33:37.786 T:16644    info <general>: JSONRPC v13.0.0: Successfully initialized
2023-04-27 00:33:37.787 T:16644   debug <general>: PERIPHERALS::CPeripherals::LoadMappings - loaded node "Motorola Nyxboard Hybrid"
2023-04-27 00:33:37.787 T:16644   debug <general>: PERIPHERALS::CPeripherals::LoadMappings - loaded node "CEC Adapter"
2023-04-27 00:33:37.787 T:16644   debug <general>: PERIPHERALS::CPeripherals::LoadMappings - loaded node "Pulse-Eight CEC Adapter"
2023-04-27 00:33:37.788 T:16644   debug <general>: PERIPHERALS::CPeripherals::LoadMappings - loaded node "iMON HID device"
2023-04-27 00:33:37.788 T:16644   debug <general>: PERIPHERALS::CPeripherals::LoadMappings - loaded node "WETEK Play remote"
2023-04-27 00:33:37.788 T:16644   debug <general>: PERIPHERALS::CPeripherals::LoadMappings - loaded node "OSMC RF Remote"
2023-04-27 00:33:37.788 T:16644   debug <general>: PERIPHERALS::CPeripherals::LoadMappings - loaded node "joystick"
2023-04-27 00:33:37.788 T:16644   debug <general>: Add-on bus: Registering add-on peripheral.joystick
2023-04-27 00:33:37.788 T:16644   debug <general>: PERIPHERAL - PERIPHERALS::CPeripheralAddon::CreateAddon - creating peripheral add-on instance 'Joystick Support'
2023-04-27 00:33:37.788 T:16644   debug <general>: ADDON: Dll Initializing - Joystick Support
2023-04-27 00:33:37.789 T:16644   debug <general>: SECTION:LoadDLL(C:\Program Files (x86)\Kodi\addons\peripheral.joystick\peripheral.joystick.dll)
2023-04-27 00:33:37.792 T:16644   debug <general>: AddOnLog: peripheral.joystick: Loaded 14 joystick families with 97 total joysticks
2023-04-27 00:33:37.792 T:16644   debug <general>: Calling TransferSettings for: Joystick Support
2023-04-27 00:33:37.793 T:16644    info <general>: AddOnLog: peripheral.joystick: Enabling joystick interface "xinput"
2023-04-27 00:33:37.793 T:16644   debug <general>: AddOnLog: peripheral.joystick: Attempting to load XInput1_4.dll...
2023-04-27 00:33:37.794 T:16644   debug <general>: AddOnLog: peripheral.joystick: Loaded XInput DLL version 1.4
2023-04-27 00:33:37.794 T:16644   debug <general>: AddOnLog: peripheral.joystick: Loaded XInput symbols (GetState=73481ED0, GetStateEx=00000000, SetState=73482140, GetCaps=734823C0, GetBatteryInformation=73482730, PowerOff=00000000)
2023-04-27 00:33:37.794 T:16644    info <general>: AddOnLog: peripheral.joystick: Enabling joystick interface "directinput"
2023-04-27 00:33:37.794 T:13436   debug <general>: Thread PeripBusUSB start, auto delete: false
2023-04-27 00:33:37.794 T:16712   debug <general>: CAddonDatabase: SELECT repo.id FROM repo .. took 0 ms
2023-04-27 00:33:37.795 T:13444   debug <general>: Thread PeripBusCEC start, auto delete: false
2023-04-27 00:33:37.795 T:16440   debug <general>: Thread PeripBusAddon start, auto delete: false
2023-04-27 00:33:37.796 T:16644   debug <general>: PERIPHERALS::CPeripheral::Initialise - initialised peripheral on 'keyboard' with 1 features and 0 sub devices
2023-04-27 00:33:37.796 T:16644    info <general>: PERIPHERALS::CPeripheralBus::Register - new keyboard device registered on application->keyboard: Keyboard (0000:0000)
2023-04-27 00:33:37.796 T:16644   debug <general>: PERIPHERALS::CPeripheral::Initialise - initialised peripheral on 'mouse' with 1 features and 0 sub devices
2023-04-27 00:33:37.796 T:16644    info <general>: PERIPHERALS::CPeripheralBus::Register - new mouse device registered on application->mouse: Mouse (0000:0000)
2023-04-27 00:33:37.797 T:16004   debug <general>: Thread PeripEventScan start, auto delete: false
2023-04-27 00:33:37.809 T:16712   debug <general>: CAddonDatabase: query  SELECT addons.*, repo.addonID AS repoID FROM addons JOIN addonlinkrepo ON addons.id=addonlinkrepo.idAddon JOIN repo ON repo.id=addonlinkrepo.idRepo WHERE addonlinkrepo.idRepo IN (1) ORDER BY repo.addonID, addons.addonID returned 972 rows in 14 ms
2023-04-27 00:33:37.895 T:16712   debug <general>: CAddonDatabase::GetAddons took 100 ms
2023-04-27 00:33:37.900 T:16712   debug <general>: ADDONS: repository.xbmc.org - 966 addon(s) loaded
2023-04-27 00:33:37.906 T:16712   error <general>: Repository add-on repository.urepo uses old schema definition for the repository extension point! This is no longer supported, please update your addon to use <dir> definitions.
2023-04-27 00:33:37.906 T:16712   error <general>: Repository add-on repository.urepo does not have any directory and won't be able to update/serve addons! Please fix the addon.xml definition
2023-04-27 00:33:37.906 T:16712   debug <general>: CAddonRepos::BuildUpdateOrOutdatedList: Building update list from installed add-ons
2023-04-27 00:33:37.906 T:16712   debug <general>: ADDONS: update check: addonID = audioencoder.kodi.builtin.aac / Origin = b6a50484-93a0-4afb-a01c-8d17e059feda / Version = 1.0.2
2023-04-27 00:33:37.906 T:16712   debug <general>: ADDONS: update check: addonID = audioencoder.kodi.builtin.wma / Origin = b6a50484-93a0-4afb-a01c-8d17e059feda / Version = 1.0.2
2023-04-27 00:33:37.906 T:16712   debug <general>: ADDONS: update check: addonID = game.controller.default / Origin = b6a50484-93a0-4afb-a01c-8d17e059feda / Version = 1.0.39
2023-04-27 00:33:37.906 T:16712   debug <general>: ADDONS: update check: addonID = game.controller.keyboard / Origin = b6a50484-93a0-4afb-a01c-8d17e059feda / Version = 1.1.27
2023-04-27 00:33:37.906 T:16712   debug <general>: ADDONS: update check: addonID = game.controller.mouse / Origin = b6a50484-93a0-4afb-a01c-8d17e059feda / Version = 1.0.22
2023-04-27 00:33:37.906 T:16712   debug <general>: ADDONS: update check: addonID = game.controller.snes / Origin = b6a50484-93a0-4afb-a01c-8d17e059feda / Version = 1.0.37
2023-04-27 00:33:37.906 T:16712   debug <general>: ADDONS: update check: addonID = metadata.album.universal / Origin = b6a50484-93a0-4afb-a01c-8d17e059feda / Version = 3.1.9
2023-04-27 00:33:37.906 T:16712   debug <general>: ADDONS: update check: addonID = metadata.artists.universal / Origin = b6a50484-93a0-4afb-a01c-8d17e059feda / Version = 4.3.11
2023-04-27 00:33:37.906 T:16712   debug <general>: ADDONS: update check: addonID = metadata.common.allmusic.com / Origin = b6a50484-93a0-4afb-a01c-8d17e059feda / Version = 3.2.2
2023-04-27 00:33:37.906 T:16712   debug <general>: ADDONS: update check: addonID = metadata.common.fanart.tv / Origin = b6a50484-93a0-4afb-a01c-8d17e059feda / Version = 3.6.4
2023-04-27 00:33:37.906 T:16712   debug <general>: ADDONS: update check: addonID = metadata.common.musicbrainz.org / Origin = b6a50484-93a0-4afb-a01c-8d17e059feda / Version = 2.2.4
2023-04-27 00:33:37.906 T:16712   debug <general>: ADDONS: update check: addonID = metadata.common.theaudiodb.com / Origin = b6a50484-93a0-4afb-a01c-8d17e059feda / Version = 2.0.3
2023-04-27 00:33:37.906 T:16712   debug <general>: ADDONS: update check: addonID = metadata.generic.albums / Origin = b6a50484-93a0-4afb-a01c-8d17e059feda / Version = 1.0.14
2023-04-27 00:33:37.906 T:16712   debug <general>: ADDONS: update check: addonID = metadata.generic.artists / Origin = b6a50484-93a0-4afb-a01c-8d17e059feda / Version = 1.0.14
2023-04-27 00:33:37.907 T:16712   debug <general>: ADDONS: update check: addonID = metadata.local / Origin = b6a50484-93a0-4afb-a01c-8d17e059feda / Version = 1.0.1
2023-04-27 00:33:37.907 T:16712   debug <general>: ADDONS: update check: addonID = metadata.themoviedb.org.python / Origin = b6a50484-93a0-4afb-a01c-8d17e059feda / Version = 2.1.0
2023-04-27 00:33:37.907 T:16712   debug <general>: ADDONS: update check: addonID = metadata.tvshows.themoviedb.org.python / Origin = b6a50484-93a0-4afb-a01c-8d17e059feda / Version = 1.6.5
2023-04-27 00:33:37.907 T:16712   debug <general>: ADDONS: update check: addonID = peripheral.joystick / Origin = b6a50484-93a0-4afb-a01c-8d17e059feda / Version = 20.1.8
2023-04-27 00:33:37.907 T:16712   debug <general>: ADDONS: update check: addonID = repository.urepo / Origin = repository.urepo / Version = 1.0.2
2023-04-27 00:33:37.907 T:16712   debug <general>: ADDONS: update check: addonID = repository.xbmc.org / Origin = b6a50484-93a0-4afb-a01c-8d17e059feda / Version = 3.3.1
2023-04-27 00:33:37.907 T:16712   debug <general>: ADDONS: update check: addonID = resource.images.weathericons.default / Origin = b6a50484-93a0-4afb-a01c-8d17e059feda / Version = 1.1.9
2023-04-27 00:33:37.907 T:16712   debug <general>: ADDONS: update check: addonID = resource.language.en_gb / Origin = b6a50484-93a0-4afb-a01c-8d17e059feda / Version = 2.0.2
2023-04-27 00:33:37.907 T:16712   debug <general>: ADDONS: update check: addonID = resource.uisounds.kodi / Origin = b6a50484-93a0-4afb-a01c-8d17e059feda / Version = 1.0.1
2023-04-27 00:33:37.907 T:16712   debug <general>: ADDONS: update check: addonID = screensaver.xbmc.builtin.black / Origin = b6a50484-93a0-4afb-a01c-8d17e059feda / Version = 1.0.34
2023-04-27 00:33:37.907 T:16712   debug <general>: ADDONS: update check: addonID = screensaver.xbmc.builtin.dim / Origin = b6a50484-93a0-4afb-a01c-8d17e059feda / Version = 1.0.66
2023-04-27 00:33:37.907 T:16712   debug <general>: ADDONS: update check: addonID = script.module.future / Origin = repository.xbmc.org / Version = 0.18.2+matrix.1
2023-04-27 00:33:37.907 T:16712   debug <general>: ADDONS: update check: addonID = script.module.kodi-six / Origin = repository.xbmc.org / Version = 0.1.3.1
2023-04-27 00:33:37.907 T:16712   debug <general>: ADDONS: update check: addonID = script.module.pil / Origin = b6a50484-93a0-4afb-a01c-8d17e059feda / Version = 5.1.0
2023-04-27 00:33:37.907 T:16712   debug <general>: ADDONS: update check: addonID = script.module.pycryptodome / Origin = b6a50484-93a0-4afb-a01c-8d17e059feda / Version = 3.4.3
2023-04-27 00:33:37.907 T:16712   debug <general>: ADDONS: update check: addonID = script.module.simplejson / Origin = repository.xbmc.org / Version = 3.17.0+matrix.2
2023-04-27 00:33:37.907 T:16712   debug <general>: ADDONS: update check: addonID = script.module.six / Origin = repository.xbmc.org / Version = 1.15.0+matrix.1
2023-04-27 00:33:37.907 T:16712   debug <general>: ADDONS: update check: addonID = script.pinsentry / Origin =  / Version = 100.6.0
2023-04-27 00:33:37.907 T:16712   debug <general>: ADDONS: update check: addonID = script.settings-convert / Origin =  / Version = 0.0.12
2023-04-27 00:33:37.907 T:16712   debug <general>: ADDONS: update check: addonID = service.xbmc.versioncheck / Origin = b6a50484-93a0-4afb-a01c-8d17e059feda / Version = 0.5.28+matrix.1
2023-04-27 00:33:37.907 T:16712   debug <general>: ADDONS: update check: addonID = skin.estouchy / Origin = b6a50484-93a0-4afb-a01c-8d17e059feda / Version = 3.0.8
2023-04-27 00:33:37.907 T:16712   debug <general>: ADDONS: update check: addonID = skin.estuary / Origin = b6a50484-93a0-4afb-a01c-8d17e059feda / Version = 3.0.10
2023-04-27 00:33:37.907 T:16712   debug <general>: ADDONS: update check: addonID = webinterface.default / Origin = b6a50484-93a0-4afb-a01c-8d17e059feda / Version = 19.x-2.4.8
2023-04-27 00:33:37.907 T:16712   debug <general>: CAddonMgr::GetAvailableUpdatesOrOutdatedAddons took 114 ms
2023-04-27 00:33:37.912 T:16712   error <general>: Repository add-on repository.urepo uses old schema definition for the repository extension point! This is no longer supported, please update your addon to use <dir> definitions.
2023-04-27 00:33:37.912 T:16712   error <general>: Repository add-on repository.urepo does not have any directory and won't be able to update/serve addons! Please fix the addon.xml definition
2023-04-27 00:33:37.912 T:16644   debug <general>: ContextMenuManager: addon menus reloaded.
2023-04-27 00:33:37.912 T:16644    info <general>: Loading player core factory settings from special://xbmc/system/playercorefactory.xml.
2023-04-27 00:33:37.913 T:16644   debug <general>: CPlayerCoreConfig::<ctor>: created player VideoPlayer
2023-04-27 00:33:37.913 T:16644   debug <general>: CPlayerCoreConfig::<ctor>: created player PAPlayer
2023-04-27 00:33:37.913 T:16644   debug <general>: CPlayerCoreConfig::<ctor>: created player RetroPlayer
2023-04-27 00:33:37.913 T:16644   debug <general>: CPlayerSelectionRule::Initialize: creating rule: system rules
2023-04-27 00:33:37.913 T:16644   debug <general>: CPlayerSelectionRule::Initialize: creating rule: mms/udp
2023-04-27 00:33:37.914 T:16644   debug <general>: CPlayerSelectionRule::Initialize: creating rule: lastfm/shout
2023-04-27 00:33:37.914 T:16644   debug <general>: CPlayerSelectionRule::Initialize: creating rule: rtmp
2023-04-27 00:33:37.914 T:16644   debug <general>: CPlayerSelectionRule::Initialize: creating rule: rtsp
2023-04-27 00:33:37.914 T:16644   debug <general>: CPlayerSelectionRule::Initialize: creating rule: streams
2023-04-27 00:33:37.914 T:16644   debug <general>: CPlayerSelectionRule::Initialize: creating rule: aacp/sdp
2023-04-27 00:33:37.914 T:16644   debug <general>: CPlayerSelectionRule::Initialize: creating rule: mp2
2023-04-27 00:33:37.914 T:16644   debug <general>: CPlayerSelectionRule::Initialize: creating rule: dvd
2023-04-27 00:33:37.914 T:16644   debug <general>: CPlayerSelectionRule::Initialize: creating rule: discimage
2023-04-27 00:33:37.914 T:16644   debug <general>: CPlayerSelectionRule::Initialize: creating rule: sdp/asf
2023-04-27 00:33:37.914 T:16644   debug <general>: CPlayerSelectionRule::Initialize: creating rule: nsv
2023-04-27 00:33:37.914 T:16644   debug <general>: CPlayerSelectionRule::Initialize: creating rule: radio
2023-04-27 00:33:37.914 T:16644    info <general>: Loaded playercorefactory configuration
2023-04-27 00:33:37.914 T:16644    info <general>: Loading player core factory settings from special://masterprofile/playercorefactory.xml.
2023-04-27 00:33:37.915 T:16644    info <general>: special://masterprofile/playercorefactory.xml does not exist. Skipping.
2023-04-27 00:33:37.915 T:16644    info <general>: removing tempfiles
2023-04-27 00:33:37.915 T:16712   debug <general>: CMultiPathDirectory::GetDirectory(multipath://special%3a%2f%2fprofile%2fplaylists%2fvideo/special%3a%2f%2fprofile%2fplaylists%2fmixed/)
2023-04-27 00:33:37.915 T:16712   debug <general>: Getting Directory (special://profile/playlists/video)
2023-04-27 00:33:37.915 T:16712   debug <general>: Getting Directory (special://profile/playlists/mixed)
2023-04-27 00:33:37.916 T:16644   error <general>: Repository add-on repository.urepo uses old schema definition for the repository extension point! This is no longer supported, please update your addon to use <dir> definitions.
2023-04-27 00:33:37.916 T:16644   error <general>: Repository add-on repository.urepo does not have any directory and won't be able to update/serve addons! Please fix the addon.xml definition
2023-04-27 00:33:37.916 T:16712   debug <general>: CMultiPathDirectory::MergeItems, items = 0
2023-04-27 00:33:37.917 T:17196   debug <general>: CRecentlyAddedJob::UpdateMusic() - Running RecentlyAdded home screen update
2023-04-27 00:33:37.917 T:16644   debug <general>: CRepositoryUpdater: closest next update check at 04/27/2023 6:20:58 PM (in 64040 s)
2023-04-27 00:33:37.917 T:14860   debug <general>: Thread Timer start, auto delete: false
2023-04-27 00:33:37.917 T:16644   debug <general>: CServiceAddonManager: starting script.pinsentry
2023-04-27 00:33:37.918 T:17040   debug <general>: Thread LanguageInvoker start, auto delete: false
2023-04-27 00:33:37.918 T:16644   debug <general>: CServiceAddonManager: starting service.xbmc.versioncheck
2023-04-27 00:33:37.918 T:17040   debug <general>: initializing python engine.
2023-04-27 00:33:37.918 T:18056   debug <general>: Thread LanguageInvoker start, auto delete: false
2023-04-27 00:33:37.918 T:16644    info <general>: initialize done
2023-04-27 00:33:37.919 T:18056   debug <general>: initializing python engine.
2023-04-27 00:33:37.919 T:16644    info <general>: Running the application...
2023-04-27 00:33:37.919 T:16644   error <general>: Repository add-on repository.urepo uses old schema definition for the repository extension point! This is no longer supported, please update your addon to use <dir> definitions.
2023-04-27 00:33:37.919 T:16644   error <general>: Repository add-on repository.urepo does not have any directory and won't be able to update/serve addons! Please fix the addon.xml definition
2023-04-27 00:33:37.920 T:16644   debug <general>: CNetworkBase::NetworkMessage - Starting network services
2023-04-27 00:33:37.920 T:17672   debug <general>: Thread EventServer start, auto delete: false
2023-04-27 00:33:37.920 T:17672    info <general>: ES: Starting UDP Event server on port 9777
2023-04-27 00:33:37.921 T:17196   debug <general>: GetRecentlyAddedAlbumSongs() query: SELECT songview.*, songartistview.* FROM (SELECT idAlbum, dateAdded FROM album ORDER BY dateAdded DESC LIMIT 10) AS recentalbums JOIN songview ON songview.idAlbum = recentalbums.idAlbum JOIN songartistview ON songview.idSong = songartistview.idSong ORDER BY recentalbums.dateAdded DESC, songview.idAlbum DESC, songview.idSong, songartistview.idRole, songartistview.iOrder 
2023-04-27 00:33:37.921 T:17672    info <general>: UDP: Listening on port 9777 (ipv6 : false)
2023-04-27 00:33:37.922 T:16644    info <general>: JSONRPC Server: Successfully initialized
2023-04-27 00:33:37.922 T:17196   debug <general>: CMusicDatabase::GetRecentlyAddedAlbums query: SELECT albumview.*, albumartistview.* FROM (SELECT idAlbum FROM album WHERE strAlbum != '' ORDER BY dateAdded DESC LIMIT 10) AS recentalbums JOIN albumview ON albumview.idAlbum = recentalbums.idAlbum JOIN albumartistview ON albumview.idAlbum = albumartistview.idAlbum ORDER BY dateAdded DESC, albumview.idAlbum desc, albumartistview.iOrder 
2023-04-27 00:33:37.922 T:3064    debug <general>: Thread TCPServer start, auto delete: false
2023-04-27 00:33:37.923 T:17196   debug <general>: CRecentlyAddedJob::UpdateVideos() - Running RecentlyAdded home screen update
2023-04-27 00:33:37.934 T:16644    info <general>: [WS-Discovery]: Daemon started successfully.
2023-04-27 00:33:37.934 T:16644   debug <general>: CWinSystemWin32::AdjustWindow: adjusting window if required.
2023-04-27 00:33:37.935 T:16644   debug <general>: ffmpeg[0x0]: [image2] Custom AVIOContext makes no sense and will be ignored with AVFMT_NOFILE format.
2023-04-27 00:33:37.942 T:17040   debug <general>: CPythonInvoker(0, C:\Users\admin\AppData\Roaming\Kodi\addons\script.pinsentry\service.py): start processing
2023-04-27 00:33:37.943 T:18056   debug <general>: CPythonInvoker(1, C:\Users\admin\AppData\Roaming\Kodi\addons\service.xbmc.versioncheck\resources\lib\runner.py): start processing
2023-04-27 00:33:37.972 T:16644   debug <general>: ffmpeg[0x0]: [image2] Custom AVIOContext makes no sense and will be ignored with AVFMT_NOFILE format.
2023-04-27 00:33:37.994 T:6440    debug <general>: ffmpeg[0x5f703b0]: [image2] Custom AVIOContext makes no sense and will be ignored with AVFMT_NOFILE format.
2023-04-27 00:33:37.994 T:17976   debug <general>: Thread JobWorker start, auto delete: true
2023-04-27 00:33:37.994 T:16712   debug <general>: ffmpeg[0xcf43578]: [image2] Custom AVIOContext makes no sense and will be ignored with AVFMT_NOFILE format.
2023-04-27 00:33:37.995 T:17976   debug <general>: ffmpeg[0xf2bc870]: [image2] Custom AVIOContext makes no sense and will be ignored with AVFMT_NOFILE format.
2023-04-27 00:33:38.000 T:6440    debug <general>: ffmpeg[0x5f703b0]: [image2] Custom AVIOContext makes no sense and will be ignored with AVFMT_NOFILE format.
2023-04-27 00:33:38.000 T:17976   debug <general>: ffmpeg[0xf2bc870]: [image2] Custom AVIOContext makes no sense and will be ignored with AVFMT_NOFILE format.
2023-04-27 00:33:38.002 T:16712   debug <general>: ffmpeg[0xcf43578]: [image2] Custom AVIOContext makes no sense and will be ignored with AVFMT_NOFILE format.
2023-04-27 00:33:38.007 T:16644   debug <general>: ------ Window Init (Pointer.xml) ------
2023-04-27 00:33:38.007 T:16644   debug <general>: ------ Window Init () ------
2023-04-27 00:33:38.007 T:6440    debug <general>: ffmpeg[0x5f703b0]: [image2] Custom AVIOContext makes no sense and will be ignored with AVFMT_NOFILE format.
2023-04-27 00:33:38.008 T:17040   debug <general>: -->Python Interpreter Initialized<--
2023-04-27 00:33:38.008 T:17040   debug <general>: 
                                                   
2023-04-27 00:33:38.008 T:17040   debug <general>: CPythonInvoker(0, C:\Users\admin\AppData\Roaming\Kodi\addons\script.pinsentry\service.py): the source file to load is "C:\Users\admin\AppData\Roaming\Kodi\addons\script.pinsentry\service.py"
2023-04-27 00:33:38.008 T:17040   debug <general>: CPythonInvoker(0): default python path:
2023-04-27 00:33:38.008 T:17040   debug <general>: CPythonInvoker(0):   C:\Program Files (x86)\Kodi\system\python\DLLs
2023-04-27 00:33:38.009 T:17040   debug <general>: CPythonInvoker(0):   C:\Program Files (x86)\Kodi\system\python\Lib
2023-04-27 00:33:38.009 T:17040   debug <general>: CPythonInvoker(0):   C:\Program Files (x86)\Kodi\system\python\Lib\site-packages
2023-04-27 00:33:38.009 T:17040   debug <general>: CPythonInvoker(0): adding path:
2023-04-27 00:33:38.009 T:17040   debug <general>: CPythonInvoker(0):  C:\Users\admin\AppData\Roaming\Kodi\addons\script.module.future\lib
2023-04-27 00:33:38.009 T:17040   debug <general>: CPythonInvoker(0):  C:\Users\admin\AppData\Roaming\Kodi\addons\script.module.kodi-six\libs
2023-04-27 00:33:38.009 T:17040   debug <general>: CPythonInvoker(0):  C:\Users\admin\AppData\Roaming\Kodi\addons\script.module.simplejson\lib
2023-04-27 00:33:38.009 T:17040   debug <general>: CPythonInvoker(0):  C:\Users\admin\AppData\Roaming\Kodi\addons\script.module.six\lib
2023-04-27 00:33:38.009 T:17040   debug <general>: CPythonInvoker(0):  C:\Users\admin\AppData\Roaming\Kodi\addons\script.pinsentry
2023-04-27 00:33:38.009 T:17040   debug <general>: CPythonInvoker(0): adding args:
2023-04-27 00:33:38.009 T:17040   debug <general>: CPythonInvoker(0):  
2023-04-27 00:33:38.009 T:17040   debug <general>: CPythonInvoker(0, C:\Users\admin\AppData\Roaming\Kodi\addons\script.pinsentry\service.py): entering source directory C:\Users\admin\AppData\Roaming\Kodi\addons\script.pinsentry
2023-04-27 00:33:38.009 T:17040   debug <general>: CPythonInvoker(0, C:\Users\admin\AppData\Roaming\Kodi\addons\script.pinsentry\service.py): instantiating addon using automatically obtained id of "script.pinsentry" dependent on version 3.0.0 of the xbmc.python api
2023-04-27 00:33:38.009 T:17196   debug <general>: CRecentlyAddedJob::UpdateTotal() - Running RecentlyAdded home screen update
2023-04-27 00:33:38.009 T:17976   debug <general>: ffmpeg[0xf2bc870]: [image2] Custom AVIOContext makes no sense and will be ignored with AVFMT_NOFILE format.
2023-04-27 00:33:38.010 T:16712   debug <general>: ffmpeg[0xcf43578]: [image2] Custom AVIOContext makes no sense and will be ignored with AVFMT_NOFILE format.
2023-04-27 00:33:38.016 T:6440    debug <general>: ffmpeg[0x5f703b0]: [image2] Custom AVIOContext makes no sense and will be ignored with AVFMT_NOFILE format.
2023-04-27 00:33:38.029 T:18056   debug <general>: -->Python Interpreter Initialized<--
2023-04-27 00:33:38.029 T:18056   debug <general>: 
                                                   
2023-04-27 00:33:38.029 T:18056   debug <general>: CPythonInvoker(1, C:\Users\admin\AppData\Roaming\Kodi\addons\service.xbmc.versioncheck\resources\lib\runner.py): the source file to load is "C:\Users\admin\AppData\Roaming\Kodi\addons\service.xbmc.versioncheck\resources\lib\runner.py"
2023-04-27 00:33:38.029 T:18056   debug <general>: CPythonInvoker(1): default python path:
2023-04-27 00:33:38.029 T:18056   debug <general>: CPythonInvoker(1):   C:\Program Files (x86)\Kodi\system\python\DLLs
2023-04-27 00:33:38.029 T:18056   debug <general>: CPythonInvoker(1):   C:\Program Files (x86)\Kodi\system\python\Lib
2023-04-27 00:33:38.029 T:18056   debug <general>: CPythonInvoker(1):   C:\Program Files (x86)\Kodi\system\python\Lib\site-packages
2023-04-27 00:33:38.029 T:18056   debug <general>: CPythonInvoker(1): adding path:
2023-04-27 00:33:38.029 T:18056   debug <general>: CPythonInvoker(1):  C:\Users\admin\AppData\Roaming\Kodi\addons\service.xbmc.versioncheck\resources\lib
2023-04-27 00:33:38.029 T:18056   debug <general>: CPythonInvoker(1): adding args:
2023-04-27 00:33:38.029 T:18056   debug <general>: CPythonInvoker(1):  
2023-04-27 00:33:38.029 T:18056   debug <general>: CPythonInvoker(1, C:\Users\admin\AppData\Roaming\Kodi\addons\service.xbmc.versioncheck\resources\lib\runner.py): entering source directory C:\Users\admin\AppData\Roaming\Kodi\addons\service.xbmc.versioncheck\resources\lib
2023-04-27 00:33:38.030 T:18056   debug <general>: CPythonInvoker(1, C:\Users\admin\AppData\Roaming\Kodi\addons\service.xbmc.versioncheck\resources\lib\runner.py): instantiating addon using automatically obtained id of "service.xbmc.versioncheck" dependent on version 3.0.0 of the xbmc.python api
2023-04-27 00:33:38.039 T:15412   debug <general>: CAESinkDirectSound::CheckPlayStatus: Resuming Playback
2023-04-27 00:33:38.199 T:17976   debug <general>: ffmpeg[0xf2bc870]: [image2] Custom AVIOContext makes no sense and will be ignored with AVFMT_NOFILE format.
2023-04-27 00:33:38.234 T:18056   debug <general>: Version Check: Version 0.5.28+matrix.1 started
2023-04-27 00:33:38.430 T:17040   debug <general>: script.pinsentry: Starting Pin Sentry Service 100.6.0
2023-04-27 00:33:38.430 T:17040   debug <general>: script.pinsentry: SetPin: Clearing pin 5
2023-04-27 00:33:38.438 T:17040   debug <general>: script.pinsentry: SetPin: Clearing pin 4
2023-04-27 00:33:38.446 T:17040   debug <general>: script.pinsentry: SetPin: Clearing pin 3
2023-04-27 00:33:38.455 T:17040   debug <general>: script.pinsentry: SetPin: Clearing pin 2
2023-04-27 00:33:38.472 T:17040   debug <general>: script.pinsentry: SetPin: Clearing user pin 5
2023-04-27 00:33:38.584 T:17040   debug <general>: script.pinsentry: SetPin: Clearing user pin 4
2023-04-27 00:33:38.610 T:17040   debug <general>: script.pinsentry: SetPin: Clearing user pin 3
2023-04-27 00:33:38.635 T:17040   debug <general>: script.pinsentry: SetPin: Clearing user pin 2
2023-04-27 00:33:38.660 T:17040   debug <general>: script.pinsentry: SetPin: Clearing user pin 1
2023-04-27 00:33:38.701 T:17040   debug <general>: script.pinsentry: PinSentryDB: Database file location = C:\Users\admin\AppData\Roaming\Kodi\userdata\addon_data\script.pinsentry\pinsentry_database.db
2023-04-27 00:33:38.702 T:17040   debug <general>: script.pinsentry: PinSentryDB: Current version number in DB is: 6
2023-04-27 00:33:38.702 T:17040   debug <general>: script.pinsentry: Stopping Pin Sentry Service
2023-04-27 00:33:38.703 T:17040   debug <general>: CPythonInvoker(0, C:\Users\admin\AppData\Roaming\Kodi\addons\script.pinsentry\service.py): script successfully run
2023-04-27 00:33:38.703 T:17040   debug <general>: CPythonInvoker::onExecutionDone(0, C:\Users\admin\AppData\Roaming\Kodi\addons\script.pinsentry\service.py)
2023-04-27 00:33:38.714 T:17040   debug <general>: Python interpreter stopped
2023-04-27 00:33:38.715 T:17040   debug <general>: Thread LanguageInvoker 17040 terminating
2023-04-27 00:33:39.252 T:11300   debug <general>: CIRServerSuite::Connect: connecting to: 127.0.0.1:24000 ...
2023-04-27 00:33:39.330 T:16644   debug <general>: CInputManager::ProcessMouse: trying mouse action wheeldown
2023-04-27 00:33:41.281 T:11300    info <general>: Skipped 3 duplicate messages..
2023-04-27 00:33:41.281 T:11300   debug <general>: CIRServerSuite::Connect: failed to connect
2023-04-27 00:33:41.281 T:11300    info <general>: CIRServerSuite::Process: failed to connect to irss, will keep retrying every 5 seconds
2023-04-27 00:33:41.282 T:17976   debug <general>: ffmpeg[0xf2bc870]: [image2] Custom AVIOContext makes no sense and will be ignored with AVFMT_NOFILE format.
2023-04-27 00:33:42.171 T:16644   debug <general>: CInputManager::ProcessMouse: trying mouse action leftclick
2023-04-27 00:33:42.171 T:16644   debug <general>: Activating window ID: 10025
2023-04-27 00:33:42.465 T:16644   debug <general>: ------ Window Deinit (Home.xml) ------
2023-04-27 00:33:42.465 T:16644   debug <general>: FreeVisualisation() done
2023-04-27 00:33:42.485 T:16644   debug <general>: ------ Window Init (MyVideoNav.xml) ------
2023-04-27 00:33:42.485 T:16644    info <general>: Loading skin file: MyVideoNav.xml, load type: KEEP_IN_MEMORY
2023-04-27 00:33:42.546 T:16644   debug <general>: CGUIMediaWindow::GetDirectory (plugin://script.pinsentry/)
2023-04-27 00:33:42.546 T:16644   debug <general>:   ParentPath = [plugin://script.pinsentry/]
2023-04-27 00:33:42.547 T:2780    debug <general>: Thread waiting start, auto delete: false
2023-04-27 00:33:42.648 T:16644   debug <general>: ------ Window Init (DialogBusy.xml) ------
2023-04-27 00:33:42.651 T:16712   debug <general>: CAddonDatabase::SetLastUsed[script.pinsentry] took 105 ms
2023-04-27 00:33:42.651 T:2780    debug <general>: CScriptRunner: running add-on script PinSentry('plugin://script.pinsentry/', '1', '')
2023-04-27 00:33:42.652 T:17888   debug <general>: Thread LanguageInvoker start, auto delete: false
2023-04-27 00:33:42.652 T:17888   debug <general>: initializing python engine.
2023-04-27 00:33:42.652 T:17888   debug <general>: CPythonInvoker(2, C:\Users\admin\AppData\Roaming\Kodi\addons\script.pinsentry\plugin.py): start processing
2023-04-27 00:33:42.673 T:17888   debug <general>: -->Python Interpreter Initialized<--
2023-04-27 00:33:42.673 T:17888   debug <general>: 
                                                   
2023-04-27 00:33:42.673 T:17888   debug <general>: CPythonInvoker(2, C:\Users\admin\AppData\Roaming\Kodi\addons\script.pinsentry\plugin.py): the source file to load is "C:\Users\admin\AppData\Roaming\Kodi\addons\script.pinsentry\plugin.py"
2023-04-27 00:33:42.674 T:17888   debug <general>: CPythonInvoker(2): default python path:
2023-04-27 00:33:42.674 T:17888   debug <general>: CPythonInvoker(2):   C:\Program Files (x86)\Kodi\system\python\DLLs
2023-04-27 00:33:42.674 T:17888   debug <general>: CPythonInvoker(2):   C:\Program Files (x86)\Kodi\system\python\Lib
2023-04-27 00:33:42.674 T:17888   debug <general>: CPythonInvoker(2):   C:\Program Files (x86)\Kodi\system\python\Lib\site-packages
2023-04-27 00:33:42.674 T:17888   debug <general>: CPythonInvoker(2): adding path:
2023-04-27 00:33:42.674 T:17888   debug <general>: CPythonInvoker(2):  C:\Users\admin\AppData\Roaming\Kodi\addons\script.module.future\lib
2023-04-27 00:33:42.674 T:17888   debug <general>: CPythonInvoker(2):  C:\Users\admin\AppData\Roaming\Kodi\addons\script.module.kodi-six\libs
2023-04-27 00:33:42.674 T:17888   debug <general>: CPythonInvoker(2):  C:\Users\admin\AppData\Roaming\Kodi\addons\script.module.simplejson\lib
2023-04-27 00:33:42.674 T:17888   debug <general>: CPythonInvoker(2):  C:\Users\admin\AppData\Roaming\Kodi\addons\script.module.six\lib
2023-04-27 00:33:42.674 T:17888   debug <general>: CPythonInvoker(2):  C:\Users\admin\AppData\Roaming\Kodi\addons\script.pinsentry
2023-04-27 00:33:42.674 T:17888   debug <general>: CPythonInvoker(2): adding args:
2023-04-27 00:33:42.674 T:17888   debug <general>: CPythonInvoker(2):  plugin://script.pinsentry/
2023-04-27 00:33:42.674 T:17888   debug <general>: CPythonInvoker(2):  1
2023-04-27 00:33:42.674 T:17888   debug <general>: CPythonInvoker(2):  
2023-04-27 00:33:42.674 T:17888   debug <general>: CPythonInvoker(2):  resume:false
2023-04-27 00:33:42.674 T:17888   debug <general>: CPythonInvoker(2, C:\Users\admin\AppData\Roaming\Kodi\addons\script.pinsentry\plugin.py): entering source directory C:\Users\admin\AppData\Roaming\Kodi\addons\script.pinsentry
2023-04-27 00:33:42.674 T:17888   debug <general>: CPythonInvoker(2, C:\Users\admin\AppData\Roaming\Kodi\addons\script.pinsentry\plugin.py): instantiating addon using automatically obtained id of "script.pinsentry" dependent on version 3.0.0 of the xbmc.python api
2023-04-27 00:33:42.772 T:17888   debug <general>: script.pinsentry: PinSentryPlugin: Called with addon_handle = 1
2023-04-27 00:33:42.772 T:17888   debug <general>: script.pinsentry: PinSentryPlugin: Mode is NONE - showing root menu
2023-04-27 00:33:42.783 T:17888   debug <general>: CPythonInvoker(2, C:\Users\admin\AppData\Roaming\Kodi\addons\script.pinsentry\plugin.py): script successfully run
2023-04-27 00:33:42.783 T:2780    debug <general>: Thread waiting 2780 terminating
2023-04-27 00:33:42.783 T:17888   debug <general>: CPythonInvoker::onExecutionDone(2, C:\Users\admin\AppData\Roaming\Kodi\addons\script.pinsentry\plugin.py)
2023-04-27 00:33:42.792 T:17888   debug <general>: Python interpreter stopped
2023-04-27 00:33:42.792 T:17888   debug <general>: Thread LanguageInvoker 17888 terminating
2023-04-27 00:33:42.797 T:16644   debug <general>: ------ Window Deinit (DialogBusy.xml) ------
2023-04-27 00:33:42.800 T:11944   debug <general>: Thread BackgroundLoader start, auto delete: false
2023-04-27 00:33:42.803 T:11944   debug <general>: Thread BackgroundLoader 11944 terminating
2023-04-27 00:33:43.249 T:18056   debug <general>: Version Check: Version installed {'major': 20, 'minor': 1, 'revision': '20230312-289ec664e3', 'tag': 'stable'}
2023-04-27 00:33:43.249 T:18056   debug <general>: Version Check: Version available  {'major': '20', 'minor': '1', 'tag': 'stable', 'tagversion': '', 'revision': '20230312-289ec664e3', 'extrainfo': 'final', 'addon_support': 'yes'}
2023-04-27 00:33:43.249 T:18056   debug <general>: Version Check: There is no newer stable available
2023-04-27 00:33:43.249 T:18056   debug <general>: CPythonInvoker(1, C:\Users\admin\AppData\Roaming\Kodi\addons\service.xbmc.versioncheck\resources\lib\runner.py): script successfully run
2023-04-27 00:33:43.249 T:18056   debug <general>: CPythonInvoker::onExecutionDone(1, C:\Users\admin\AppData\Roaming\Kodi\addons\service.xbmc.versioncheck\resources\lib\runner.py)
2023-04-27 00:33:43.251 T:16644   debug <general>: [Warning] CGUITextureManager::GetTexturePath: could not find texture 'ICON'
2023-04-27 00:33:43.256 T:18056    info <general>: Skipped 1 duplicate messages..
2023-04-27 00:33:43.256 T:18056   debug <general>: Python interpreter stopped
2023-04-27 00:33:43.256 T:18056   debug <general>: Thread LanguageInvoker 18056 terminating
2023-04-27 00:33:44.031 T:16644   debug <general>: CInputManager::ProcessMouse: trying mouse action leftclick
2023-04-27 00:33:44.031 T:16644   debug <general>: CGUIMediaWindow::GetDirectory (plugin://script.pinsentry/?foldername=movies&mode=folder)
2023-04-27 00:33:44.032 T:16644   debug <general>:   ParentPath = [plugin://script.pinsentry/]
2023-04-27 00:33:44.032 T:16992   debug <general>: Thread waiting start, auto delete: false
2023-04-27 00:33:44.037 T:17976   debug <general>: CAddonDatabase::SetLastUsed[script.pinsentry] took 5 ms
2023-04-27 00:33:44.037 T:16992   debug <general>: CScriptRunner: running add-on script PinSentry('plugin://script.pinsentry/', '2', '?foldername=movies&mode=folder')
2023-04-27 00:33:44.037 T:2420    debug <general>: Thread LanguageInvoker start, auto delete: false
2023-04-27 00:33:44.037 T:2420    debug <general>: initializing python engine.
2023-04-27 00:33:44.037 T:2420    debug <general>: CPythonInvoker(3, C:\Users\admin\AppData\Roaming\Kodi\addons\script.pinsentry\plugin.py): start processing
2023-04-27 00:33:44.055 T:2420    debug <general>: -->Python Interpreter Initialized<--
2023-04-27 00:33:44.055 T:2420    debug <general>: 
                                                   
2023-04-27 00:33:44.055 T:2420    debug <general>: CPythonInvoker(3, C:\Users\admin\AppData\Roaming\Kodi\addons\script.pinsentry\plugin.py): the source file to load is "C:\Users\admin\AppData\Roaming\Kodi\addons\script.pinsentry\plugin.py"
2023-04-27 00:33:44.056 T:2420    debug <general>: CPythonInvoker(3): default python path:
2023-04-27 00:33:44.056 T:2420    debug <general>: CPythonInvoker(3):   C:\Program Files (x86)\Kodi\system\python\DLLs
2023-04-27 00:33:44.056 T:2420    debug <general>: CPythonInvoker(3):   C:\Program Files (x86)\Kodi\system\python\Lib
2023-04-27 00:33:44.056 T:2420    debug <general>: CPythonInvoker(3):   C:\Program Files (x86)\Kodi\system\python\Lib\site-packages
2023-04-27 00:33:44.056 T:2420    debug <general>: CPythonInvoker(3): adding path:
2023-04-27 00:33:44.056 T:2420    debug <general>: CPythonInvoker(3):  C:\Users\admin\AppData\Roaming\Kodi\addons\script.module.future\lib
2023-04-27 00:33:44.056 T:2420    debug <general>: CPythonInvoker(3):  C:\Users\admin\AppData\Roaming\Kodi\addons\script.module.kodi-six\libs
2023-04-27 00:33:44.056 T:2420    debug <general>: CPythonInvoker(3):  C:\Users\admin\AppData\Roaming\Kodi\addons\script.module.simplejson\lib
2023-04-27 00:33:44.056 T:2420    debug <general>: CPythonInvoker(3):  C:\Users\admin\AppData\Roaming\Kodi\addons\script.module.six\lib
2023-04-27 00:33:44.056 T:2420    debug <general>: CPythonInvoker(3):  C:\Users\admin\AppData\Roaming\Kodi\addons\script.pinsentry
2023-04-27 00:33:44.056 T:2420    debug <general>: CPythonInvoker(3): adding args:
2023-04-27 00:33:44.056 T:2420    debug <general>: CPythonInvoker(3):  plugin://script.pinsentry/
2023-04-27 00:33:44.056 T:2420    debug <general>: CPythonInvoker(3):  2
2023-04-27 00:33:44.056 T:2420    debug <general>: CPythonInvoker(3):  ?foldername=movies&mode=folder
2023-04-27 00:33:44.056 T:2420    debug <general>: CPythonInvoker(3):  resume:false
2023-04-27 00:33:44.056 T:2420    debug <general>: CPythonInvoker(3, C:\Users\admin\AppData\Roaming\Kodi\addons\script.pinsentry\plugin.py): entering source directory C:\Users\admin\AppData\Roaming\Kodi\addons\script.pinsentry
2023-04-27 00:33:44.056 T:2420    debug <general>: CPythonInvoker(3, C:\Users\admin\AppData\Roaming\Kodi\addons\script.pinsentry\plugin.py): instantiating addon using automatically obtained id of "script.pinsentry" dependent on version 3.0.0 of the xbmc.python api
2023-04-27 00:33:44.134 T:16644   debug <general>: ------ Window Init (DialogBusy.xml) ------
2023-04-27 00:33:44.143 T:2420    debug <general>: script.pinsentry: PinSentryPlugin: Called with addon_handle = 2
2023-04-27 00:33:44.143 T:2420    debug <general>: script.pinsentry: PinSentryPlugin: Mode is FOLDER
2023-04-27 00:33:44.153 T:2420    debug <general>: script.pinsentry: {'id': 1, 'jsonrpc': '2.0', 'result': {'limits': {'end': 5, 'start': 0, 'total': 5}, 'movies': [{'fanart': 'image://C%3a%5ctemp%5cMovies%5cAlcarr%c3%a0s%20(2022)%5cAlcarr%c3%a0s-fanart.jpg/', 'label': 'Alcarràs', 'movieid': 1, 'mpaa': 'Rated NR', 'thumbnail': 'image://video@C%3a%5ctemp%5cMovies%5cAlcarr%c3%a0s%20(2022)%5cAlcarr%c3%a0s.mkv/', 'title': 'Alcarràs'}, {'fanart': '', 'label': 'Extras', 'movieid': 4, 'mpaa': '', 'thumbnail': 'image://video@C%3a%5ctemp%5cMovies%5cOfficial%20Competition%20(2022)%5cExtras%5cTrailer%20%5bde%5d.mkv/', 'title': 'Extras'}, {'fanart': 'image://C%3a%5ctemp%5cMovies%5cMad%20God%20(2021)%5cMad%20God-fanart.jpg/', 'label': 'Mad God', 'movieid': 2, 'mpaa': 'UK:18', 'thumbnail': 'image://video@C%3a%5ctemp%5cMovies%5cMad%20God%20(2021)%5cMad%20God.mkv/', 'title': 'Mad God'}, {'fanart': 'image://C%3a%5ctemp%5cMovies%5cOfficial%20Competition%20(2022)%5cOfficial%20Competition-fanart.jpg/', 'label': 'Official Competition', 'movieid': 3, 'mpaa': 'Rated R', 'thumbnail': 'image://video@C%3a%5ctemp%5cMovies%5cOfficial%20Competition%20(2022)%5cOfficial%20Competition.mkv/', 'title': 'Official Competition'}, {'fanart': 'image://C%3a%5ctemp%5cMovies%5cThe%20Fabelmans%20(2023)%5cThe%20Fabelmans-fanart.jpg/', 'label': 'The Fabelmans', 'movieid': 5, 'mpaa': 'Rated PG-13', 'thumbnail': 'image://video@C%3a%5ctemp%5cMovies%5cThe%20Fabelmans%20(2023)%5cThe%20Fabelmans.mkv/', 'title': 'The Fabelmans'}]}}
2023-04-27 00:33:44.154 T:2420    debug <general>: script.pinsentry: PinSentryDB: Database file location = C:\Users\admin\AppData\Roaming\Kodi\userdata\addon_data\script.pinsentry\pinsentry_database.db
2023-04-27 00:33:44.154 T:2420    debug <general>: script.pinsentry: PinSentryDB: select all Movies
2023-04-27 00:33:44.155 T:2420    debug <general>: script.pinsentry: PinSentryDB: Database info: []
2023-04-27 00:33:44.155 T:2420    debug <general>: script.pinsentry: PinSentryDB: Database file location = C:\Users\admin\AppData\Roaming\Kodi\userdata\addon_data\script.pinsentry\pinsentry_database.db
2023-04-27 00:33:44.155 T:2420    debug <general>: script.pinsentry: PinSentryDB: select all ClassificationsMovies
2023-04-27 00:33:44.156 T:2420    debug <general>: script.pinsentry: PinSentryDB: Database info: []
2023-04-27 00:33:44.156 T:2420    debug <general>: script.pinsentry: PinSentryPlugin: Allowing certificates for dict_keys([])
2023-04-27 00:33:44.156 T:2420    debug <general>: script.pinsentry: PinSentryPlugin: Clearing mpaa for Alcarràs (was Rated NR)
2023-04-27 00:33:44.156 T:2420    debug <general>: script.pinsentry: PinSentryPlugin: Clearing mpaa for Mad God (was UK:18)
2023-04-27 00:33:44.156 T:2420    debug <general>: script.pinsentry: PinSentryPlugin: Clearing mpaa for Official Competition (was Rated R)
2023-04-27 00:33:44.156 T:2420    debug <general>: script.pinsentry: PinSentryPlugin: Clearing mpaa for The Fabelmans (was Rated PG-13)
2023-04-27 00:33:44.166 T:2420    debug <general>: CPythonInvoker(3, C:\Users\admin\AppData\Roaming\Kodi\addons\script.pinsentry\plugin.py): script successfully run
2023-04-27 00:33:44.166 T:2420    debug <general>: CPythonInvoker::onExecutionDone(3, C:\Users\admin\AppData\Roaming\Kodi\addons\script.pinsentry\plugin.py)
2023-04-27 00:33:44.166 T:16992   debug <general>: Thread waiting 16992 terminating
2023-04-27 00:33:44.173 T:2420    debug <general>: Python interpreter stopped
2023-04-27 00:33:44.173 T:2420    debug <general>: Thread LanguageInvoker 2420 terminating
2023-04-27 00:33:44.181 T:16644   debug <general>: ------ Window Deinit (DialogBusy.xml) ------
2023-04-27 00:33:44.184 T:17628   debug <general>: Thread BackgroundLoader start, auto delete: false
2023-04-27 00:33:44.187 T:17628   debug <general>: Thread BackgroundLoader 17628 terminating
2023-04-27 00:33:44.815 T:17196   debug <general>: ffmpeg[0xee15a78]: [image2] Custom AVIOContext makes no sense and will be ignored with AVFMT_NOFILE format.
2023-04-27 00:33:45.114 T:16644   debug <general>: CInputManager::ProcessMouse: trying mouse action leftclick
2023-04-27 00:33:45.117 T:16644   debug <general>: CScriptRunner: running add-on script PinSentry('plugin://script.pinsentry/', '-1', '?mode=setsecurity&level=0&type=movies&title=Alcarr%C3%A0s&id=1&classificationBlocked=False')
2023-04-27 00:33:45.118 T:1132    debug <general>: Thread LanguageInvoker start, auto delete: false
2023-04-27 00:33:45.118 T:1132    debug <general>: initializing python engine.
2023-04-27 00:33:45.118 T:1132    debug <general>: CPythonInvoker(4, C:\Users\admin\AppData\Roaming\Kodi\addons\script.pinsentry\plugin.py): start processing
2023-04-27 00:33:45.137 T:1132    debug <general>: -->Python Interpreter Initialized<--
2023-04-27 00:33:45.137 T:1132    debug <general>: 
                                                   
2023-04-27 00:33:45.137 T:1132    debug <general>: CPythonInvoker(4, C:\Users\admin\AppData\Roaming\Kodi\addons\script.pinsentry\plugin.py): the source file to load is "C:\Users\admin\AppData\Roaming\Kodi\addons\script.pinsentry\plugin.py"
2023-04-27 00:33:45.137 T:1132    debug <general>: CPythonInvoker(4): default python path:
2023-04-27 00:33:45.137 T:1132    debug <general>: CPythonInvoker(4):   C:\Program Files (x86)\Kodi\system\python\DLLs
2023-04-27 00:33:45.137 T:1132    debug <general>: CPythonInvoker(4):   C:\Program Files (x86)\Kodi\system\python\Lib
2023-04-27 00:33:45.137 T:1132    debug <general>: CPythonInvoker(4):   C:\Program Files (x86)\Kodi\system\python\Lib\site-packages
2023-04-27 00:33:45.137 T:1132    debug <general>: CPythonInvoker(4): adding path:
2023-04-27 00:33:45.137 T:1132    debug <general>: CPythonInvoker(4):  C:\Users\admin\AppData\Roaming\Kodi\addons\script.module.future\lib
2023-04-27 00:33:45.137 T:1132    debug <general>: CPythonInvoker(4):  C:\Users\admin\AppData\Roaming\Kodi\addons\script.module.kodi-six\libs
