2023-05-11 10:13:41.172 T:11792   debug <general>: CDVDVideoCodecFFmpeg - Updated codec: ff-h264
2023-05-11 10:13:41.172 T:11792   debug <general>: CDVDFileInfo::ExtractThumb - seeking to pos 1679488ms (total: 5038464ms) in C:\temp\Movies\Mad God (2021)\Mad God.mkv
2023-05-11 10:13:41.185 T:6864    debug <general>: ffmpeg[0x0]: [mjpeg] marker parser used 312336 bytes (2498684 bits)
2023-05-11 10:13:41.185 T:6864    debug <general>: ffmpeg[0x0]: [mjpeg] marker=d9 avail_size_in_buf=0
2023-05-11 10:13:41.186 T:6864    debug <general>: ffmpeg[0x0]: [mjpeg] decode frame unused 0 bytes
2023-05-11 10:13:41.186 T:6864    debug <general>: ffmpeg[0x0]: [swscaler] Forcing full internal H chroma due to input having non subsampled chroma
2023-05-11 10:13:41.186 T:6108    debug <general>: CPythonInvoker(1, C:\Users\admin\AppData\Roaming\Kodi\addons\service.xbmc.versioncheck\resources\lib\runner.py): start processing
2023-05-11 10:13:41.186 T:15280   debug <general>: CPythonInvoker(0, C:\Users\admin\AppData\Roaming\Kodi\addons\script.pinsentry\service.py): start processing
2023-05-11 10:13:41.210 T:6864    debug <general>: ffmpeg[0x0]: [image2] Custom AVIOContext makes no sense and will be ignored with AVFMT_NOFILE format.
2023-05-11 10:13:41.211 T:6864    debug <general>: ffmpeg[0x0]: [mjpeg] marker=d8 avail_size_in_buf=93809
2023-05-11 10:13:41.211 T:6864    debug <general>: ffmpeg[0x0]: [mjpeg] marker parser used 0 bytes (0 bits)
2023-05-11 10:13:41.211 T:6864    debug <general>: ffmpeg[0x0]: [mjpeg] marker=e1 avail_size_in_buf=93807
2023-05-11 10:13:41.211 T:6864    debug <general>: ffmpeg[0x0]: [mjpeg] marker parser used 23 bytes (184 bits)
2023-05-11 10:13:41.211 T:6864    debug <general>: ffmpeg[0x0]: [mjpeg] marker=ec avail_size_in_buf=93781
2023-05-11 10:13:41.211 T:6864    debug <general>: ffmpeg[0x0]: [mjpeg] marker parser used 16 bytes (128 bits)
2023-05-11 10:13:41.211 T:6864    debug <general>: ffmpeg[0x0]: [mjpeg] marker=ee avail_size_in_buf=93762
2023-05-11 10:13:41.211 T:6864    debug <general>: ffmpeg[0x0]: [mjpeg] marker parser used 14 bytes (112 bits)
2023-05-11 10:13:41.211 T:6864    debug <general>: ffmpeg[0x0]: [mjpeg] marker=db avail_size_in_buf=93746
2023-05-11 10:13:41.211 T:6864    debug <general>: ffmpeg[0x0]: [mjpeg] index=0
2023-05-11 10:13:41.211 T:6864    debug <general>: ffmpeg[0x0]: [mjpeg] qscale[0]: 0
2023-05-11 10:13:41.212 T:6864    debug <general>: ffmpeg[0x0]: [mjpeg] index=1
2023-05-11 10:13:41.212 T:6864    debug <general>: ffmpeg[0x0]: [mjpeg] qscale[1]: 0
2023-05-11 10:13:41.212 T:6864    debug <general>: ffmpeg[0x0]: [mjpeg] marker parser used 132 bytes (1056 bits)
2023-05-11 10:13:41.212 T:6864    debug <general>: ffmpeg[0x0]: [mjpeg] marker=c0 avail_size_in_buf=93612
2023-05-11 10:13:41.212 T:6864    debug <general>: ffmpeg[0x0]: [mjpeg] Changing bps from 0 to 8
2023-05-11 10:13:41.212 T:6864    debug <general>: ffmpeg[0x0]: [mjpeg] sof0: picture: 900x506
2023-05-11 10:13:41.212 T:6864    debug <general>: ffmpeg[0x0]: [mjpeg] component 0 1:1 id: 0 quant:0
2023-05-11 10:13:41.212 T:6864    debug <general>: ffmpeg[0x0]: [mjpeg] component 1 1:1 id: 1 quant:1
2023-05-11 10:13:41.212 T:6864    debug <general>: ffmpeg[0x0]: [mjpeg] component 2 1:1 id: 2 quant:1
2023-05-11 10:13:41.212 T:6864    debug <general>: ffmpeg[0x0]: [mjpeg] pix fmt id 11111100
2023-05-11 10:13:41.212 T:6864    debug <general>: ffmpeg[0x0]: [mjpeg] Format yuvj444p chosen by get_format().
2023-05-11 10:13:41.213 T:6864    debug <general>: ffmpeg[0x0]: [mjpeg] marker parser used 17 bytes (136 bits)
2023-05-11 10:13:41.213 T:6864    debug <general>: ffmpeg[0x0]: [mjpeg] marker=c4 avail_size_in_buf=93593
2023-05-11 10:13:41.213 T:6864    debug <general>: ffmpeg[0x0]: [mjpeg] class=0 index=0 nb_codes=11
2023-05-11 10:13:41.213 T:6864    debug <general>: ffmpeg[0x0]: [mjpeg] class=0 index=1 nb_codes=1
2023-05-11 10:13:41.214 T:6864    debug <general>: ffmpeg[0x0]: [mjpeg] class=1 index=0 nb_codes=44
2023-05-11 10:13:41.214 T:6864    debug <general>: ffmpeg[0x0]: [mjpeg] class=1 index=1 nb_codes=1
2023-05-11 10:13:41.214 T:6864    debug <general>: ffmpeg[0x0]: [mjpeg] marker parser used 127 bytes (1016 bits)
2023-05-11 10:13:41.214 T:6864    debug <general>: ffmpeg[0x0]: [mjpeg] escaping removed 291 bytes
2023-05-11 10:13:41.214 T:6864    debug <general>: ffmpeg[0x0]: [mjpeg] marker=da avail_size_in_buf=93464
2023-05-11 10:13:41.214 T:6864    debug <general>: ffmpeg[0x0]: [mjpeg] component: 0
2023-05-11 10:13:41.214 T:6864    debug <general>: ffmpeg[0x0]: [mjpeg] component: 1
2023-05-11 10:13:41.214 T:6864    debug <general>: ffmpeg[0x0]: [mjpeg] component: 2
2023-05-11 10:13:41.221 T:6864    debug <general>: ffmpeg[0x0]: [mjpeg] marker parser used 93172 bytes (745375 bits)
2023-05-11 10:13:41.221 T:6864    debug <general>: ffmpeg[0x0]: [mjpeg] marker=d9 avail_size_in_buf=0
2023-05-11 10:13:41.221 T:6864    debug <general>: ffmpeg[0x0]: [mjpeg] decode frame unused 0 bytes
2023-05-11 10:13:41.222 T:6864    debug <general>: ffmpeg[0x0]: [swscaler] Forcing full internal H chroma due to input having non subsampled chroma
2023-05-11 10:13:41.246 T:15520   debug <general>: ffmpeg[0x1680a5f2830]: [image2] Custom AVIOContext makes no sense and will be ignored with AVFMT_NOFILE format.
2023-05-11 10:13:41.247 T:13728   debug <general>: Thread JobWorker start, auto delete: true
2023-05-11 10:13:41.247 T:15520   debug <general>: ffmpeg[0x1680a5f2830]: [mjpeg] marker=d8 avail_size_in_buf=80578
2023-05-11 10:13:41.247 T:15520   debug <general>: ffmpeg[0x1680a5f2830]: [mjpeg] marker parser used 0 bytes (0 bits)
2023-05-11 10:13:41.247 T:15520   debug <general>: ffmpeg[0x1680a5f2830]: [mjpeg] marker=fe avail_size_in_buf=80576
2023-05-11 10:13:41.247 T:15520   debug <general>: ffmpeg[0x1680a5f2830]: [mjpeg] marker parser used 17 bytes (136 bits)
2023-05-11 10:13:41.247 T:15520   debug <general>: ffmpeg[0x1680a5f2830]: [mjpeg] marker=db avail_size_in_buf=80557
2023-05-11 10:13:41.247 T:15520   debug <general>: ffmpeg[0x1680a5f2830]: [mjpeg] index=0
2023-05-11 10:13:41.247 T:15520   debug <general>: ffmpeg[0x1680a5f2830]: [mjpeg] qscale[0]: 5
2023-05-11 10:13:41.247 T:15520   debug <general>: ffmpeg[0x1680a5f2830]: [mjpeg] marker parser used 67 bytes (536 bits)
2023-05-11 10:13:41.247 T:15520   debug <general>: ffmpeg[0x1680a5f2830]: [mjpeg] marker=c4 avail_size_in_buf=80488
2023-05-11 10:13:41.247 T:15520   debug <general>: ffmpeg[0x1680a5f2830]: [mjpeg] class=0 index=0 nb_codes=9
2023-05-11 10:13:41.247 T:15520   debug <general>: ffmpeg[0x1680a5f2830]: [mjpeg] class=0 index=1 nb_codes=8
2023-05-11 10:13:41.247 T:15520   debug <general>: ffmpeg[0x1680a5f2830]: [mjpeg] class=1 index=0 nb_codes=59
2023-05-11 10:13:41.248 T:15520   debug <general>: ffmpeg[0x1680a5f2830]: [mjpeg] class=1 index=1 nb_codes=47
2023-05-11 10:13:41.248 T:15520   debug <general>: ffmpeg[0x1680a5f2830]: [mjpeg] marker parser used 193 bytes (1544 bits)
2023-05-11 10:13:41.248 T:15520   debug <general>: ffmpeg[0x1680a5f2830]: [mjpeg] marker=c0 avail_size_in_buf=80293
2023-05-11 10:13:41.248 T:15520   debug <general>: ffmpeg[0x1680a5f2830]: [mjpeg] Changing bps from 0 to 8
2023-05-11 10:13:41.248 T:15520   debug <general>: ffmpeg[0x1680a5f2830]: [mjpeg] sof0: picture: 480x720
2023-05-11 10:13:41.248 T:15520   debug <general>: ffmpeg[0x1680a5f2830]: [mjpeg] component 0 2:2 id: 0 quant:0
2023-05-11 10:13:41.248 T:15520   debug <general>: ffmpeg[0x1680a5f2830]: [mjpeg] component 1 1:1 id: 1 quant:0
2023-05-11 10:13:41.248 T:15520   debug <general>: ffmpeg[0x1680a5f2830]: [mjpeg] component 2 1:1 id: 2 quant:0
2023-05-11 10:13:41.248 T:15520   debug <general>: ffmpeg[0x1680a5f2830]: [mjpeg] pix fmt id 22111100
2023-05-11 10:13:41.248 T:15520   debug <general>: ffmpeg[0x1680a5f2830]: [mjpeg] Format yuvj420p chosen by get_format().
2023-05-11 10:13:41.248 T:13728   debug <general>: ffmpeg[0x1680a5f2e10]: [image2] Custom AVIOContext makes no sense and will be ignored with AVFMT_NOFILE format.
2023-05-11 10:13:41.249 T:15520   debug <general>: ffmpeg[0x1680a5f2830]: [mjpeg] marker parser used 17 bytes (136 bits)
2023-05-11 10:13:41.249 T:13728   debug <general>: ffmpeg[0x1680a5f2e10]: [mjpeg] marker=d8 avail_size_in_buf=41780
2023-05-11 10:13:41.249 T:13728   debug <general>: ffmpeg[0x1680a5f2e10]: [mjpeg] marker parser used 0 bytes (0 bits)
2023-05-11 10:13:41.249 T:13728   debug <general>: ffmpeg[0x1680a5f2e10]: [mjpeg] marker=fe avail_size_in_buf=41778
2023-05-11 10:13:41.249 T:13728   debug <general>: ffmpeg[0x1680a5f2e10]: [mjpeg] marker parser used 17 bytes (136 bits)
2023-05-11 10:13:41.249 T:13728   debug <general>: ffmpeg[0x1680a5f2e10]: [mjpeg] marker=db avail_size_in_buf=41759
2023-05-11 10:13:41.249 T:13728   debug <general>: ffmpeg[0x1680a5f2e10]: [mjpeg] index=0
2023-05-11 10:13:41.249 T:13728   debug <general>: ffmpeg[0x1680a5f2e10]: [mjpeg] qscale[0]: 5
2023-05-11 10:13:41.249 T:13728   debug <general>: ffmpeg[0x1680a5f2e10]: [mjpeg] marker parser used 67 bytes (536 bits)
2023-05-11 10:13:41.249 T:13728   debug <general>: ffmpeg[0x1680a5f2e10]: [mjpeg] marker=c4 avail_size_in_buf=41690
2023-05-11 10:13:41.249 T:13728   debug <general>: ffmpeg[0x1680a5f2e10]: [mjpeg] class=0 index=0 nb_codes=9
2023-05-11 10:13:41.249 T:13728   debug <general>: ffmpeg[0x1680a5f2e10]: [mjpeg] class=0 index=1 nb_codes=7
2023-05-11 10:13:41.249 T:13728   debug <general>: ffmpeg[0x1680a5f2e10]: [mjpeg] class=1 index=0 nb_codes=59
2023-05-11 10:13:41.249 T:15520   debug <general>: ffmpeg[0x1680a5f2830]: [mjpeg] escaping removed 261 bytes
2023-05-11 10:13:41.249 T:15520   debug <general>: ffmpeg[0x1680a5f2830]: [mjpeg] marker=da avail_size_in_buf=80274
2023-05-11 10:13:41.249 T:15520   debug <general>: ffmpeg[0x1680a5f2830]: [mjpeg] component: 0
2023-05-11 10:13:41.249 T:15520   debug <general>: ffmpeg[0x1680a5f2830]: [mjpeg] component: 1
2023-05-11 10:13:41.249 T:15520   debug <general>: ffmpeg[0x1680a5f2830]: [mjpeg] component: 2
2023-05-11 10:13:41.249 T:13728   debug <general>: ffmpeg[0x1680a5f2e10]: [mjpeg] class=1 index=1 nb_codes=44
2023-05-11 10:13:41.250 T:13728   debug <general>: ffmpeg[0x1680a5f2e10]: [mjpeg] marker parser used 189 bytes (1512 bits)
2023-05-11 10:13:41.250 T:13728   debug <general>: ffmpeg[0x1680a5f2e10]: [mjpeg] marker=c0 avail_size_in_buf=41499
2023-05-11 10:13:41.250 T:13728   debug <general>: ffmpeg[0x1680a5f2e10]: [mjpeg] Changing bps from 0 to 8
2023-05-11 10:13:41.250 T:13728   debug <general>: ffmpeg[0x1680a5f2e10]: [mjpeg] sof0: picture: 480x720
2023-05-11 10:13:41.250 T:13728   debug <general>: ffmpeg[0x1680a5f2e10]: [mjpeg] component 0 2:2 id: 0 quant:0
2023-05-11 10:13:41.250 T:13728   debug <general>: ffmpeg[0x1680a5f2e10]: [mjpeg] component 1 1:1 id: 1 quant:0
2023-05-11 10:13:41.250 T:13728   debug <general>: ffmpeg[0x1680a5f2e10]: [mjpeg] component 2 1:1 id: 2 quant:0
2023-05-11 10:13:41.250 T:13728   debug <general>: ffmpeg[0x1680a5f2e10]: [mjpeg] pix fmt id 22111100
2023-05-11 10:13:41.250 T:13728   debug <general>: ffmpeg[0x1680a5f2e10]: [mjpeg] Format yuvj420p chosen by get_format().
2023-05-11 10:13:41.250 T:6108    debug <general>: -->Python Interpreter Initialized<--
2023-05-11 10:13:41.250 T:6108    debug <general>: 
                                                   
2023-05-11 10:13:41.250 T:13728   debug <general>: ffmpeg[0x1680a5f2e10]: [mjpeg] marker parser used 17 bytes (136 bits)
2023-05-11 10:13:41.250 T:6108    debug <general>: CPythonInvoker(1, C:\Users\admin\AppData\Roaming\Kodi\addons\service.xbmc.versioncheck\resources\lib\runner.py): the source file to load is "C:\Users\admin\AppData\Roaming\Kodi\addons\service.xbmc.versioncheck\resources\lib\runner.py"
2023-05-11 10:13:41.250 T:13728   debug <general>: ffmpeg[0x1680a5f2e10]: [mjpeg] escaping removed 156 bytes
2023-05-11 10:13:41.250 T:6108    debug <general>: CPythonInvoker(1): default python path:
2023-05-11 10:13:41.250 T:6108    debug <general>: CPythonInvoker(1):   C:\Program Files (x86)\Kodi\system\python\DLLs
2023-05-11 10:13:41.250 T:13728   debug <general>: ffmpeg[0x1680a5f2e10]: [mjpeg] marker=da avail_size_in_buf=41480
2023-05-11 10:13:41.250 T:6108    debug <general>: CPythonInvoker(1):   C:\Program Files (x86)\Kodi\system\python\Lib
2023-05-11 10:13:41.250 T:6108    debug <general>: CPythonInvoker(1):   C:\Program Files (x86)\Kodi\system\python\Lib\site-packages
2023-05-11 10:13:41.251 T:6108    debug <general>: CPythonInvoker(1): adding path:
2023-05-11 10:13:41.251 T:6108    debug <general>: CPythonInvoker(1):  C:\Users\admin\AppData\Roaming\Kodi\addons\service.xbmc.versioncheck\resources\lib
2023-05-11 10:13:41.251 T:6108    debug <general>: CPythonInvoker(1): adding args:
2023-05-11 10:13:41.250 T:13728   debug <general>: ffmpeg[0x1680a5f2e10]: [mjpeg] component: 0
2023-05-11 10:13:41.251 T:6108    debug <general>: CPythonInvoker(1):  
2023-05-11 10:13:41.251 T:13728   debug <general>: ffmpeg[0x1680a5f2e10]: [mjpeg] component: 1
2023-05-11 10:13:41.251 T:6108    debug <general>: CPythonInvoker(1, C:\Users\admin\AppData\Roaming\Kodi\addons\service.xbmc.versioncheck\resources\lib\runner.py): entering source directory C:\Users\admin\AppData\Roaming\Kodi\addons\service.xbmc.versioncheck\resources\lib
2023-05-11 10:13:41.251 T:13728   debug <general>: ffmpeg[0x1680a5f2e10]: [mjpeg] component: 2
2023-05-11 10:13:41.251 T:6108    debug <general>: CPythonInvoker(1, C:\Users\admin\AppData\Roaming\Kodi\addons\service.xbmc.versioncheck\resources\lib\runner.py): instantiating addon using automatically obtained id of "service.xbmc.versioncheck" dependent on version 3.0.0 of the xbmc.python api
2023-05-11 10:13:41.253 T:15520   debug <general>: ffmpeg[0x1680a5f2830]: [mjpeg] marker parser used 80012 bytes (640093 bits)
2023-05-11 10:13:41.253 T:15520   debug <general>: ffmpeg[0x1680a5f2830]: [mjpeg] marker=d9 avail_size_in_buf=0
2023-05-11 10:13:41.253 T:15520   debug <general>: ffmpeg[0x1680a5f2830]: [mjpeg] decode frame unused 0 bytes
2023-05-11 10:13:41.254 T:13728   debug <general>: ffmpeg[0x1680a5f2e10]: [mjpeg] marker parser used 41323 bytes (330578 bits)
2023-05-11 10:13:41.254 T:13728   debug <general>: ffmpeg[0x1680a5f2e10]: [mjpeg] marker=d9 avail_size_in_buf=0
2023-05-11 10:13:41.254 T:13728   debug <general>: ffmpeg[0x1680a5f2e10]: [mjpeg] decode frame unused 0 bytes
2023-05-11 10:13:41.256 T:15280   debug <general>: -->Python Interpreter Initialized<--
2023-05-11 10:13:41.256 T:15280   debug <general>: 
                                                   
2023-05-11 10:13:41.256 T:15280   debug <general>: CPythonInvoker(0, C:\Users\admin\AppData\Roaming\Kodi\addons\script.pinsentry\service.py): the source file to load is "C:\Users\admin\AppData\Roaming\Kodi\addons\script.pinsentry\service.py"
2023-05-11 10:13:41.256 T:15280   debug <general>: CPythonInvoker(0): default python path:
2023-05-11 10:13:41.256 T:15280   debug <general>: CPythonInvoker(0):   C:\Program Files (x86)\Kodi\system\python\DLLs
2023-05-11 10:13:41.256 T:15280   debug <general>: CPythonInvoker(0):   C:\Program Files (x86)\Kodi\system\python\Lib
2023-05-11 10:13:41.256 T:15280   debug <general>: CPythonInvoker(0):   C:\Program Files (x86)\Kodi\system\python\Lib\site-packages
2023-05-11 10:13:41.256 T:15280   debug <general>: CPythonInvoker(0): adding path:
2023-05-11 10:13:41.256 T:15280   debug <general>: CPythonInvoker(0):  C:\Users\admin\AppData\Roaming\Kodi\addons\script.module.future\lib
2023-05-11 10:13:41.256 T:15280   debug <general>: CPythonInvoker(0):  C:\Users\admin\AppData\Roaming\Kodi\addons\script.module.kodi-six\libs
2023-05-11 10:13:41.256 T:15280   debug <general>: CPythonInvoker(0):  C:\Users\admin\AppData\Roaming\Kodi\addons\script.module.simplejson\lib
2023-05-11 10:13:41.256 T:15280   debug <general>: CPythonInvoker(0):  C:\Users\admin\AppData\Roaming\Kodi\addons\script.module.six\lib
2023-05-11 10:13:41.256 T:15280   debug <general>: CPythonInvoker(0):  C:\Users\admin\AppData\Roaming\Kodi\addons\script.pinsentry
2023-05-11 10:13:41.256 T:15280   debug <general>: CPythonInvoker(0): adding args:
2023-05-11 10:13:41.257 T:15280   debug <general>: CPythonInvoker(0):  
2023-05-11 10:13:41.257 T:15280   debug <general>: CPythonInvoker(0, C:\Users\admin\AppData\Roaming\Kodi\addons\script.pinsentry\service.py): entering source directory C:\Users\admin\AppData\Roaming\Kodi\addons\script.pinsentry
2023-05-11 10:13:41.257 T:15280   debug <general>: CPythonInvoker(0, C:\Users\admin\AppData\Roaming\Kodi\addons\script.pinsentry\service.py): instantiating addon using automatically obtained id of "script.pinsentry" dependent on version 3.0.0 of the xbmc.python api
2023-05-11 10:13:41.261 T:6864    debug <general>: ffmpeg[0x0]: [swscaler] Forcing full internal H chroma due to odd output size
2023-05-11 10:13:41.261 T:6864    debug <general>: ffmpeg[0x0]: [swscaler] Forcing full internal H chroma due to input having non subsampled chroma
2023-05-11 10:13:41.261 T:6864    debug <general>: ------ Window Init () ------
2023-05-11 10:13:41.264 T:6864    debug <general>: ------ Window Init (Pointer.xml) ------
2023-05-11 10:13:41.264 T:14784   debug <general>: CRecentlyAddedJob::UpdateTotal() - Running RecentlyAdded home screen update
2023-05-11 10:13:41.281 T:11792   debug <general>: CDVDDemuxFFmpeg::SeekTime - seek ended up on time 1678000
2023-05-11 10:13:41.282 T:11792   debug <general>: ffmpeg[0x1680a5f33f0]: [NULL] nal_unit_type: 7(SPS), nal_ref_idc: 3
2023-05-11 10:13:41.282 T:11792   debug <general>: ffmpeg[0x1680a5f33f0]: [NULL] nal_unit_type: 8(PPS), nal_ref_idc: 3
2023-05-11 10:13:41.284 T:11792   debug <general>: ffmpeg[0x1680a5f33f0]: [h264] nal_unit_type: 5(IDR), nal_ref_idc: 3
2023-05-11 10:13:41.284 T:11792   debug <general>: ffmpeg[0x1680a5f33f0]: [h264] Format yuv420p chosen by get_format().
2023-05-11 10:13:41.284 T:11792   debug <general>: ffmpeg[0x1680a5f33f0]: [h264] Reinit context to 1920x1088, pix_fmt: yuv420p
2023-05-11 10:13:41.290 T:11792   debug <general>: ffmpeg[0x1680a5f33f0]: [h264] no picture 
2023-05-11 10:13:41.319 T:11792   debug <general>: ffmpeg[0x1680a5f33f0]: [h264] nal_unit_type: 1(Coded slice of a non-IDR picture), nal_ref_idc: 2
2023-05-11 10:13:41.322 T:11792   debug <general>: ffmpeg[0x1680a5f33f0]: [h264] no picture 
2023-05-11 10:13:41.338 T:11792   debug <general>: ffmpeg[0x1680a5f33f0]: [h264] nal_unit_type: 1(Coded slice of a non-IDR picture), nal_ref_idc: 2
2023-05-11 10:13:41.374 T:11792   debug <general>: cached image 'special://masterprofile/Thumbnails/5/5ed9d76a.jpg' size 720x405
2023-05-11 10:13:41.374 T:11792   debug <general>: ffmpeg[0x1680a5f33f0]: [mjpeg] intra_quant_bias = 96 inter_quant_bias = 0
2023-05-11 10:13:41.394 T:11792   debug <general>: CDVDFileInfo::ExtractThumb - measured 248 ms to extract thumb from file <C:\temp\Movies\Mad God (2021)\Mad God.mkv> in 11 packets. 
2023-05-11 10:13:41.490 T:6760    debug <general>: CAESinkDirectSound::CheckPlayStatus: Resuming Playback
2023-05-11 10:13:41.544 T:6108    debug <general>: Version Check: Version 0.5.28+matrix.1 started
2023-05-11 10:13:41.708 T:14144   debug <general>: CIRServerSuite::Connect: connecting to: 127.0.0.1:24000 ...
2023-05-11 10:13:41.911 T:14784   debug <general>: ffmpeg[0x1680a625c40]: [image2] Custom AVIOContext makes no sense and will be ignored with AVFMT_NOFILE format.
2023-05-11 10:13:41.912 T:14784   debug <general>: ffmpeg[0x1680a625c40]: [mjpeg] marker=d8 avail_size_in_buf=177096
2023-05-11 10:13:41.912 T:14784   debug <general>: ffmpeg[0x1680a625c40]: [mjpeg] marker parser used 0 bytes (0 bits)
2023-05-11 10:13:41.912 T:14784   debug <general>: ffmpeg[0x1680a625c40]: [mjpeg] marker=fe avail_size_in_buf=177094
2023-05-11 10:13:41.912 T:14784   debug <general>: ffmpeg[0x1680a625c40]: [mjpeg] marker parser used 17 bytes (136 bits)
2023-05-11 10:13:41.912 T:14784   debug <general>: ffmpeg[0x1680a625c40]: [mjpeg] marker=db avail_size_in_buf=177075
2023-05-11 10:13:41.912 T:14784   debug <general>: ffmpeg[0x1680a625c40]: [mjpeg] index=0
2023-05-11 10:13:41.912 T:14784   debug <general>: ffmpeg[0x1680a625c40]: [mjpeg] qscale[0]: 5
2023-05-11 10:13:41.912 T:14784   debug <general>: ffmpeg[0x1680a625c40]: [mjpeg] marker parser used 67 bytes (536 bits)
2023-05-11 10:13:41.912 T:14784   debug <general>: ffmpeg[0x1680a625c40]: [mjpeg] marker=c4 avail_size_in_buf=177006
2023-05-11 10:13:41.912 T:14784   debug <general>: ffmpeg[0x1680a625c40]: [mjpeg] class=0 index=0 nb_codes=9
2023-05-11 10:13:41.912 T:14784   debug <general>: ffmpeg[0x1680a625c40]: [mjpeg] class=0 index=1 nb_codes=7
2023-05-11 10:13:41.912 T:14784   debug <general>: ffmpeg[0x1680a625c40]: [mjpeg] class=1 index=0 nb_codes=55
2023-05-11 10:13:41.912 T:14784   debug <general>: ffmpeg[0x1680a625c40]: [mjpeg] class=1 index=1 nb_codes=36
2023-05-11 10:13:41.912 T:14784   debug <general>: ffmpeg[0x1680a625c40]: [mjpeg] marker parser used 177 bytes (1416 bits)
2023-05-11 10:13:41.912 T:14784   debug <general>: ffmpeg[0x1680a625c40]: [mjpeg] marker=c0 avail_size_in_buf=176827
2023-05-11 10:13:41.912 T:14784   debug <general>: ffmpeg[0x1680a625c40]: [mjpeg] Changing bps from 0 to 8
2023-05-11 10:13:41.912 T:14784   debug <general>: ffmpeg[0x1680a625c40]: [mjpeg] sof0: picture: 1920x1080
2023-05-11 10:13:41.913 T:14784   debug <general>: ffmpeg[0x1680a625c40]: [mjpeg] component 0 2:2 id: 0 quant:0
2023-05-11 10:13:41.913 T:14784   debug <general>: ffmpeg[0x1680a625c40]: [mjpeg] component 1 1:1 id: 1 quant:0
2023-05-11 10:13:41.913 T:14784   debug <general>: ffmpeg[0x1680a625c40]: [mjpeg] component 2 1:1 id: 2 quant:0
2023-05-11 10:13:41.913 T:14784   debug <general>: ffmpeg[0x1680a625c40]: [mjpeg] pix fmt id 22111100
2023-05-11 10:13:41.913 T:14784   debug <general>: ffmpeg[0x1680a625c40]: [mjpeg] Format yuvj420p chosen by get_format().
2023-05-11 10:13:41.915 T:14784   debug <general>: ffmpeg[0x1680a625c40]: [mjpeg] marker parser used 17 bytes (136 bits)
2023-05-11 10:13:41.915 T:14784   debug <general>: ffmpeg[0x1680a625c40]: [mjpeg] escaping removed 668 bytes
2023-05-11 10:13:41.915 T:14784   debug <general>: ffmpeg[0x1680a625c40]: [mjpeg] marker=da avail_size_in_buf=176808
2023-05-11 10:13:41.916 T:14784   debug <general>: ffmpeg[0x1680a625c40]: [mjpeg] component: 0
2023-05-11 10:13:41.916 T:14784   debug <general>: ffmpeg[0x1680a625c40]: [mjpeg] component: 1
2023-05-11 10:13:41.916 T:14784   debug <general>: ffmpeg[0x1680a625c40]: [mjpeg] component: 2
2023-05-11 10:13:41.931 T:14784   debug <general>: ffmpeg[0x1680a625c40]: [mjpeg] marker parser used 176139 bytes (1409107 bits)
2023-05-11 10:13:41.931 T:14784   debug <general>: ffmpeg[0x1680a625c40]: [mjpeg] marker=d9 avail_size_in_buf=0
2023-05-11 10:13:41.931 T:14784   debug <general>: ffmpeg[0x1680a625c40]: [mjpeg] decode frame unused 0 bytes
2023-05-11 10:13:42.324 T:15280   debug <general>: script.pinsentry: Starting Pin Sentry Service 100.6.0
2023-05-11 10:13:42.324 T:15280   debug <general>: script.pinsentry: SetPin: Clearing pin 5
2023-05-11 10:13:42.335 T:15280   debug <general>: script.pinsentry: SetPin: Clearing pin 4
2023-05-11 10:13:42.346 T:15280   debug <general>: script.pinsentry: SetPin: Clearing pin 3
2023-05-11 10:13:42.359 T:15280   debug <general>: script.pinsentry: SetPin: Clearing pin 2
2023-05-11 10:13:42.384 T:15280   debug <general>: script.pinsentry: SetPin: Clearing user pin 5
2023-05-11 10:13:42.425 T:15280   debug <general>: script.pinsentry: SetPin: Clearing user pin 4
2023-05-11 10:13:42.463 T:15280   debug <general>: script.pinsentry: SetPin: Clearing user pin 3
2023-05-11 10:13:42.504 T:15280   debug <general>: script.pinsentry: SetPin: Clearing user pin 2
2023-05-11 10:13:42.539 T:15280   debug <general>: script.pinsentry: SetPin: Clearing user pin 1
2023-05-11 10:13:42.600 T:15280   debug <general>: script.pinsentry: PinSentryDB: Database file location = C:\Users\admin\AppData\Roaming\Kodi\userdata\addon_data\script.pinsentry\pinsentry_database.db
2023-05-11 10:13:42.602 T:15280   debug <general>: script.pinsentry: PinSentryDB: Current version number in DB is: 6
2023-05-11 10:13:42.603 T:15280   debug <general>: script.pinsentry: UserPinControl: No Limited users configured
2023-05-11 10:13:43.725 T:14144   debug <general>: CIRServerSuite::Connect: failed to connect
2023-05-11 10:13:43.726 T:14144    info <general>: CIRServerSuite::Process: failed to connect to irss, will keep retrying every 5 seconds
2023-05-11 10:13:44.960 T:15520   debug <general>: ffmpeg[0x1680a5f2830]: [image2] Custom AVIOContext makes no sense and will be ignored with AVFMT_NOFILE format.
2023-05-11 10:13:44.960 T:15520   debug <general>: ffmpeg[0x1680a5f2830]: [mjpeg] marker=d8 avail_size_in_buf=140206
2023-05-11 10:13:44.960 T:15520   debug <general>: ffmpeg[0x1680a5f2830]: [mjpeg] marker parser used 0 bytes (0 bits)
2023-05-11 10:13:44.960 T:15520   debug <general>: ffmpeg[0x1680a5f2830]: [mjpeg] marker=fe avail_size_in_buf=140204
2023-05-11 10:13:44.960 T:15520   debug <general>: ffmpeg[0x1680a5f2830]: [mjpeg] marker parser used 17 bytes (136 bits)
2023-05-11 10:13:44.960 T:15520   debug <general>: ffmpeg[0x1680a5f2830]: [mjpeg] marker=db avail_size_in_buf=140185
2023-05-11 10:13:44.960 T:15520   debug <general>: ffmpeg[0x1680a5f2830]: [mjpeg] index=0
2023-05-11 10:13:44.960 T:15520   debug <general>: ffmpeg[0x1680a5f2830]: [mjpeg] qscale[0]: 5
2023-05-11 10:13:44.960 T:15520   debug <general>: ffmpeg[0x1680a5f2830]: [mjpeg] marker parser used 67 bytes (536 bits)
2023-05-11 10:13:44.961 T:15520   debug <general>: ffmpeg[0x1680a5f2830]: [mjpeg] marker=c4 avail_size_in_buf=140116
2023-05-11 10:13:44.961 T:15520   debug <general>: ffmpeg[0x1680a5f2830]: [mjpeg] class=0 index=0 nb_codes=9
2023-05-11 10:13:44.961 T:15520   debug <general>: ffmpeg[0x1680a5f2830]: [mjpeg] class=0 index=1 nb_codes=7
2023-05-11 10:13:44.961 T:15520   debug <general>: ffmpeg[0x1680a5f2830]: [mjpeg] class=1 index=0 nb_codes=61
2023-05-11 10:13:44.961 T:15520   debug <general>: ffmpeg[0x1680a5f2830]: [mjpeg] class=1 index=1 nb_codes=34
2023-05-11 10:13:44.961 T:15520   debug <general>: ffmpeg[0x1680a5f2830]: [mjpeg] marker parser used 181 bytes (1448 bits)
2023-05-11 10:13:44.961 T:15520   debug <general>: ffmpeg[0x1680a5f2830]: [mjpeg] marker=c0 avail_size_in_buf=139933
2023-05-11 10:13:44.961 T:15520   debug <general>: ffmpeg[0x1680a5f2830]: [mjpeg] Changing bps from 0 to 8
2023-05-11 10:13:44.961 T:15520   debug <general>: ffmpeg[0x1680a5f2830]: [mjpeg] sof0: picture: 1920x1080
2023-05-11 10:13:44.961 T:15520   debug <general>: ffmpeg[0x1680a5f2830]: [mjpeg] component 0 2:2 id: 0 quant:0
2023-05-11 10:13:44.961 T:15520   debug <general>: ffmpeg[0x1680a5f2830]: [mjpeg] component 1 1:1 id: 1 quant:0
2023-05-11 10:13:44.961 T:15520   debug <general>: ffmpeg[0x1680a5f2830]: [mjpeg] component 2 1:1 id: 2 quant:0
2023-05-11 10:13:44.961 T:15520   debug <general>: ffmpeg[0x1680a5f2830]: [mjpeg] pix fmt id 22111100
2023-05-11 10:13:44.961 T:15520   debug <general>: ffmpeg[0x1680a5f2830]: [mjpeg] Format yuvj420p chosen by get_format().
2023-05-11 10:13:44.963 T:15520   debug <general>: ffmpeg[0x1680a5f2830]: [mjpeg] marker parser used 17 bytes (136 bits)
2023-05-11 10:13:44.963 T:15520   debug <general>: ffmpeg[0x1680a5f2830]: [mjpeg] escaping removed 619 bytes
2023-05-11 10:13:44.963 T:15520   debug <general>: ffmpeg[0x1680a5f2830]: [mjpeg] marker=da avail_size_in_buf=139914
2023-05-11 10:13:44.963 T:15520   debug <general>: ffmpeg[0x1680a5f2830]: [mjpeg] component: 0
2023-05-11 10:13:44.963 T:15520   debug <general>: ffmpeg[0x1680a5f2830]: [mjpeg] component: 1
2023-05-11 10:13:44.963 T:15520   debug <general>: ffmpeg[0x1680a5f2830]: [mjpeg] component: 2
2023-05-11 10:13:44.976 T:15520   debug <general>: ffmpeg[0x1680a5f2830]: [mjpeg] marker parser used 139294 bytes (1114349 bits)
2023-05-11 10:13:44.976 T:15520   debug <general>: ffmpeg[0x1680a5f2830]: [mjpeg] marker=d9 avail_size_in_buf=0
2023-05-11 10:13:44.976 T:15520   debug <general>: ffmpeg[0x1680a5f2830]: [mjpeg] decode frame unused 0 bytes
2023-05-11 10:13:45.257 T:6864    debug <general>: CInputManager::ProcessMouse: trying mouse action wheeldown
2023-05-11 10:13:45.843 T:14784    info <general>: Skipped 2 duplicate messages..
2023-05-11 10:13:45.843 T:14784   debug <general>: ffmpeg[0x1680a625c40]: [image2] Custom AVIOContext makes no sense and will be ignored with AVFMT_NOFILE format.
2023-05-11 10:13:45.848 T:14784   debug <general>: ffmpeg[0x1680a625c40]: [mjpeg] marker=d8 avail_size_in_buf=177096
2023-05-11 10:13:45.849 T:14784   debug <general>: ffmpeg[0x1680a625c40]: [mjpeg] marker parser used 0 bytes (0 bits)
2023-05-11 10:13:45.849 T:14784   debug <general>: ffmpeg[0x1680a625c40]: [mjpeg] marker=fe avail_size_in_buf=177094
2023-05-11 10:13:45.849 T:14784   debug <general>: ffmpeg[0x1680a625c40]: [mjpeg] marker parser used 17 bytes (136 bits)
2023-05-11 10:13:45.849 T:14784   debug <general>: ffmpeg[0x1680a625c40]: [mjpeg] marker=db avail_size_in_buf=177075
2023-05-11 10:13:45.849 T:14784   debug <general>: ffmpeg[0x1680a625c40]: [mjpeg] index=0
2023-05-11 10:13:45.849 T:14784   debug <general>: ffmpeg[0x1680a625c40]: [mjpeg] qscale[0]: 5
2023-05-11 10:13:45.849 T:14784   debug <general>: ffmpeg[0x1680a625c40]: [mjpeg] marker parser used 67 bytes (536 bits)
2023-05-11 10:13:45.849 T:14784   debug <general>: ffmpeg[0x1680a625c40]: [mjpeg] marker=c4 avail_size_in_buf=177006
2023-05-11 10:13:45.849 T:14784   debug <general>: ffmpeg[0x1680a625c40]: [mjpeg] class=0 index=0 nb_codes=9
2023-05-11 10:13:45.849 T:14784   debug <general>: ffmpeg[0x1680a625c40]: [mjpeg] class=0 index=1 nb_codes=7
2023-05-11 10:13:45.849 T:14784   debug <general>: ffmpeg[0x1680a625c40]: [mjpeg] class=1 index=0 nb_codes=55
2023-05-11 10:13:45.849 T:14784   debug <general>: ffmpeg[0x1680a625c40]: [mjpeg] class=1 index=1 nb_codes=36
2023-05-11 10:13:45.849 T:14784   debug <general>: ffmpeg[0x1680a625c40]: [mjpeg] marker parser used 177 bytes (1416 bits)
2023-05-11 10:13:45.849 T:14784   debug <general>: ffmpeg[0x1680a625c40]: [mjpeg] marker=c0 avail_size_in_buf=176827
2023-05-11 10:13:45.849 T:14784   debug <general>: ffmpeg[0x1680a625c40]: [mjpeg] Changing bps from 0 to 8
2023-05-11 10:13:45.850 T:14784   debug <general>: ffmpeg[0x1680a625c40]: [mjpeg] sof0: picture: 1920x1080
2023-05-11 10:13:45.850 T:14784   debug <general>: ffmpeg[0x1680a625c40]: [mjpeg] component 0 2:2 id: 0 quant:0
2023-05-11 10:13:45.850 T:14784   debug <general>: ffmpeg[0x1680a625c40]: [mjpeg] component 1 1:1 id: 1 quant:0
2023-05-11 10:13:45.850 T:14784   debug <general>: ffmpeg[0x1680a625c40]: [mjpeg] component 2 1:1 id: 2 quant:0
2023-05-11 10:13:45.850 T:14784   debug <general>: ffmpeg[0x1680a625c40]: [mjpeg] pix fmt id 22111100
2023-05-11 10:13:45.850 T:14784   debug <general>: ffmpeg[0x1680a625c40]: [mjpeg] Format yuvj420p chosen by get_format().
2023-05-11 10:13:45.851 T:14784   debug <general>: ffmpeg[0x1680a625c40]: [mjpeg] marker parser used 17 bytes (136 bits)
2023-05-11 10:13:45.851 T:14784   debug <general>: ffmpeg[0x1680a625c40]: [mjpeg] escaping removed 668 bytes
2023-05-11 10:13:45.851 T:14784   debug <general>: ffmpeg[0x1680a625c40]: [mjpeg] marker=da avail_size_in_buf=176808
2023-05-11 10:13:45.851 T:14784   debug <general>: ffmpeg[0x1680a625c40]: [mjpeg] component: 0
2023-05-11 10:13:45.851 T:14784   debug <general>: ffmpeg[0x1680a625c40]: [mjpeg] component: 1
2023-05-11 10:13:45.851 T:14784   debug <general>: ffmpeg[0x1680a625c40]: [mjpeg] component: 2
2023-05-11 10:13:45.865 T:14784   debug <general>: ffmpeg[0x1680a625c40]: [mjpeg] marker parser used 176139 bytes (1409107 bits)
2023-05-11 10:13:45.865 T:14784   debug <general>: ffmpeg[0x1680a625c40]: [mjpeg] marker=d9 avail_size_in_buf=0
2023-05-11 10:13:45.865 T:14784   debug <general>: ffmpeg[0x1680a625c40]: [mjpeg] decode frame unused 0 bytes
2023-05-11 10:13:46.559 T:6108    debug <general>: JSONRPC: Incoming request: {"jsonrpc": "2.0", "method": "Application.GetProperties", "params": {"properties": ["version", "name"]}, "id": 1}
2023-05-11 10:13:46.560 T:6108    debug <general>: Version Check: Version installed {'major': 20, 'minor': 1, 'revision': '20230312-289ec664e3', 'tag': 'stable'}
2023-05-11 10:13:46.560 T:6108    debug <general>: Version Check: Version available  {'major': '20', 'minor': '1', 'tag': 'stable', 'tagversion': '', 'revision': '20230312-289ec664e3', 'extrainfo': 'final', 'addon_support': 'yes'}
2023-05-11 10:13:46.560 T:6108    debug <general>: Version Check: There is no newer stable available
2023-05-11 10:13:46.560 T:6108    debug <general>: CPythonInvoker(1, C:\Users\admin\AppData\Roaming\Kodi\addons\service.xbmc.versioncheck\resources\lib\runner.py): script successfully run
2023-05-11 10:13:46.560 T:6108    debug <general>: CPythonInvoker::onExecutionDone(1, C:\Users\admin\AppData\Roaming\Kodi\addons\service.xbmc.versioncheck\resources\lib\runner.py)
2023-05-11 10:13:46.585 T:6108    debug <general>: Python interpreter stopped
2023-05-11 10:13:46.585 T:6108    debug <general>: Thread LanguageInvoker 6108 terminating
2023-05-11 10:13:47.006 T:6864    debug <general>: CInputManager::ProcessMouse: trying mouse action wheeldown
2023-05-11 10:13:47.398 T:15520    info <general>: Skipped 3 duplicate messages..
2023-05-11 10:13:47.398 T:15520   debug <general>: ffmpeg[0x1680a5f2830]: [swscaler] Forcing full internal H chroma due to input having non subsampled chroma
2023-05-11 10:13:47.439 T:6864    debug <general>: CInputManager::ProcessMouse: trying mouse action wheeldown
2023-05-11 10:13:49.991 T:11792    info <general>: Skipped 2 duplicate messages..
2023-05-11 10:13:49.991 T:11792   debug <general>: ffmpeg[0x1680a5f33f0]: [image2] Custom AVIOContext makes no sense and will be ignored with AVFMT_NOFILE format.
2023-05-11 10:13:49.991 T:11792   debug <general>: ffmpeg[0x1680a5f33f0]: [mjpeg] marker=d8 avail_size_in_buf=34009
2023-05-11 10:13:49.991 T:11792   debug <general>: ffmpeg[0x1680a5f33f0]: [mjpeg] marker parser used 0 bytes (0 bits)
2023-05-11 10:13:49.991 T:11792   debug <general>: ffmpeg[0x1680a5f33f0]: [mjpeg] marker=fe avail_size_in_buf=34007
2023-05-11 10:13:49.991 T:11792   debug <general>: ffmpeg[0x1680a5f33f0]: [mjpeg] marker parser used 17 bytes (136 bits)
2023-05-11 10:13:49.992 T:11792   debug <general>: ffmpeg[0x1680a5f33f0]: [mjpeg] marker=db avail_size_in_buf=33988
2023-05-11 10:13:49.992 T:11792   debug <general>: ffmpeg[0x1680a5f33f0]: [mjpeg] index=0
2023-05-11 10:13:49.992 T:11792   debug <general>: ffmpeg[0x1680a5f33f0]: [mjpeg] qscale[0]: 5
2023-05-11 10:13:49.992 T:11792   debug <general>: ffmpeg[0x1680a5f33f0]: [mjpeg] marker parser used 67 bytes (536 bits)
2023-05-11 10:13:49.992 T:11792   debug <general>: ffmpeg[0x1680a5f33f0]: [mjpeg] marker=c4 avail_size_in_buf=33919
2023-05-11 10:13:49.992 T:11792   debug <general>: ffmpeg[0x1680a5f33f0]: [mjpeg] class=0 index=0 nb_codes=9
2023-05-11 10:13:49.992 T:11792   debug <general>: ffmpeg[0x1680a5f33f0]: [mjpeg] class=0 index=1 nb_codes=8
2023-05-11 10:13:49.992 T:11792   debug <general>: ffmpeg[0x1680a5f33f0]: [mjpeg] class=1 index=0 nb_codes=56
2023-05-11 10:13:49.992 T:11792   debug <general>: ffmpeg[0x1680a5f33f0]: [mjpeg] class=1 index=1 nb_codes=44
2023-05-11 10:13:49.992 T:11792   debug <general>: ffmpeg[0x1680a5f33f0]: [mjpeg] marker parser used 187 bytes (1496 bits)
2023-05-11 10:13:49.992 T:11792   debug <general>: ffmpeg[0x1680a5f33f0]: [mjpeg] marker=c0 avail_size_in_buf=33730
2023-05-11 10:13:49.992 T:11792   debug <general>: ffmpeg[0x1680a5f33f0]: [mjpeg] Changing bps from 0 to 8
2023-05-11 10:13:49.992 T:11792   debug <general>: ffmpeg[0x1680a5f33f0]: [mjpeg] sof0: picture: 1280x720
2023-05-11 10:13:49.992 T:11792   debug <general>: ffmpeg[0x1680a5f33f0]: [mjpeg] component 0 2:2 id: 0 quant:0
2023-05-11 10:13:49.992 T:11792   debug <general>: ffmpeg[0x1680a5f33f0]: [mjpeg] component 1 1:1 id: 1 quant:0
2023-05-11 10:13:49.992 T:11792   debug <general>: ffmpeg[0x1680a5f33f0]: [mjpeg] component 2 1:1 id: 2 quant:0
2023-05-11 10:13:49.992 T:11792   debug <general>: ffmpeg[0x1680a5f33f0]: [mjpeg] pix fmt id 22111100
2023-05-11 10:13:49.992 T:11792   debug <general>: ffmpeg[0x1680a5f33f0]: [mjpeg] Format yuvj420p chosen by get_format().
2023-05-11 10:13:49.993 T:11792   debug <general>: ffmpeg[0x1680a5f33f0]: [mjpeg] marker parser used 17 bytes (136 bits)
2023-05-11 10:13:49.993 T:11792   debug <general>: ffmpeg[0x1680a5f33f0]: [mjpeg] escaping removed 165 bytes
2023-05-11 10:13:49.994 T:11792   debug <general>: ffmpeg[0x1680a5f33f0]: [mjpeg] marker=da avail_size_in_buf=33711
2023-05-11 10:13:49.994 T:11792   debug <general>: ffmpeg[0x1680a5f33f0]: [mjpeg] component: 0
2023-05-11 10:13:49.994 T:11792   debug <general>: ffmpeg[0x1680a5f33f0]: [mjpeg] component: 1
2023-05-11 10:13:49.994 T:11792   debug <general>: ffmpeg[0x1680a5f33f0]: [mjpeg] component: 2
2023-05-11 10:13:49.998 T:11792   debug <general>: ffmpeg[0x1680a5f33f0]: [mjpeg] marker parser used 33545 bytes (268359 bits)
2023-05-11 10:13:49.998 T:11792   debug <general>: ffmpeg[0x1680a5f33f0]: [mjpeg] marker=d9 avail_size_in_buf=0
2023-05-11 10:13:49.998 T:11792   debug <general>: ffmpeg[0x1680a5f33f0]: [mjpeg] decode frame unused 0 bytes
2023-05-11 10:13:50.372 T:6864    debug <general>: CInputManager::ProcessMouse: trying mouse action rightclick
2023-05-11 10:13:50.387 T:6864     info <general>: Loading skin file: DialogContextMenu.xml, load type: KEEP_IN_MEMORY
2023-05-11 10:13:50.390 T:6864    debug <general>: ------ Window Init (DialogContextMenu.xml) ------
2023-05-11 10:13:51.154 T:13560 warning <general>: [WS-Discovery]: The initial search for servers has failed. No servers found.
2023-05-11 10:13:51.471 T:6864    debug <general>: CInputManager::ProcessMouse: trying mouse action leftclick
2023-05-11 10:13:51.521 T:6864  warning <general>: CGUIWindowManager - CGUIWindowManager::HandleAction - ignoring action 107, because topmost modal dialog closing animation is running
2023-05-11 10:13:51.708 T:6864     info <general>: Skipped 11 duplicate messages..
2023-05-11 10:13:51.708 T:6864    debug <general>: ------ Window Deinit (DialogContextMenu.xml) ------
2023-05-11 10:13:51.731 T:6864    debug <general>: ------ Window Init (DialogAddonSettings.xml) ------
2023-05-11 10:13:51.731 T:6864     info <general>: Loading skin file: DialogAddonSettings.xml, load type: KEEP_IN_MEMORY
2023-05-11 10:13:51.736 T:6864    debug <general>: ffmpeg[0x0]: [swscaler] Forcing full internal H chroma due to input having non subsampled chroma
2023-05-11 10:13:53.313 T:6864    debug <general>: CInputManager::ProcessMouse: trying mouse action leftclick
2023-05-11 10:13:53.324 T:9556    debug <general>: Thread LanguageInvoker start, auto delete: false
2023-05-11 10:13:53.325 T:9556    debug <general>: initializing python engine.
2023-05-11 10:13:53.325 T:9556    debug <general>: CPythonInvoker(2, C:\Users\admin\AppData\Roaming\Kodi\addons\script.pinsentry\setpin.py): start processing
2023-05-11 10:13:53.329 T:15280   debug <general>: script.pinsentry: PinSentryMonitor: Notification of settings change received
2023-05-11 10:13:53.354 T:6864  warning <general>: CGUIWindowManager - CGUIWindowManager::HandleAction - ignoring action 107, because topmost modal dialog closing animation is running
2023-05-11 10:13:53.369 T:9556    debug <general>: -->Python Interpreter Initialized<--
2023-05-11 10:13:53.369 T:9556    debug <general>: 
                                                   
2023-05-11 10:13:53.369 T:9556    debug <general>: CPythonInvoker(2, C:\Users\admin\AppData\Roaming\Kodi\addons\script.pinsentry\setpin.py): the source file to load is "C:\Users\admin\AppData\Roaming\Kodi\addons\script.pinsentry\setpin.py"
2023-05-11 10:13:53.369 T:9556  warning <general>: CPythonInvoker(2): Script invoked without an addon. Adding all addon modules installed to python path as fallback. This behaviour will be removed in future version.
2023-05-11 10:13:53.369 T:9556    debug <general>: CPythonInvoker(2): default python path:
2023-05-11 10:13:53.369 T:9556    debug <general>: CPythonInvoker(2):   C:\Program Files (x86)\Kodi\system\python\DLLs
2023-05-11 10:13:53.370 T:9556    debug <general>: CPythonInvoker(2):   C:\Program Files (x86)\Kodi\system\python\Lib
2023-05-11 10:13:53.370 T:9556    debug <general>: CPythonInvoker(2):   C:\Program Files (x86)\Kodi\system\python\Lib\site-packages
2023-05-11 10:13:53.370 T:9556    debug <general>: CPythonInvoker(2): adding path:
2023-05-11 10:13:53.370 T:9556    debug <general>: CPythonInvoker(2):  C:\Program Files (x86)\Kodi\addons\script.module.pil\lib
2023-05-11 10:13:53.370 T:9556    debug <general>: CPythonInvoker(2):  C:\Program Files (x86)\Kodi\addons\script.module.pycryptodome\lib
2023-05-11 10:13:53.370 T:9556    debug <general>: CPythonInvoker(2):  C:\Users\admin\AppData\Roaming\Kodi\addons\script.module.future\lib
2023-05-11 10:13:53.370 T:9556    debug <general>: CPythonInvoker(2):  C:\Users\admin\AppData\Roaming\Kodi\addons\script.module.kodi-six\libs
2023-05-11 10:13:53.370 T:9556    debug <general>: CPythonInvoker(2):  C:\Users\admin\AppData\Roaming\Kodi\addons\script.module.simplejson\lib
2023-05-11 10:13:53.370 T:9556    debug <general>: CPythonInvoker(2):  C:\Users\admin\AppData\Roaming\Kodi\addons\script.module.six\lib
2023-05-11 10:13:53.370 T:9556    debug <general>: CPythonInvoker(2):  C:\Users\admin\AppData\Roaming\Kodi\addons\script.pinsentry
2023-05-11 10:13:53.370 T:9556    debug <general>: CPythonInvoker(2): adding args:
2023-05-11 10:13:53.370 T:9556    debug <general>: CPythonInvoker(2):  setpin.py
2023-05-11 10:13:53.370 T:9556    debug <general>: CPythonInvoker(2, C:\Users\admin\AppData\Roaming\Kodi\addons\script.pinsentry\setpin.py): entering source directory C:\Users\admin\AppData\Roaming\Kodi\addons\script.pinsentry
2023-05-11 10:13:53.387 T:6864  warning <general>: CGUIWindowManager - CGUIWindowManager::HandleAction - ignoring action 107, because topmost modal dialog closing animation is running
2023-05-11 10:13:53.397 T:9556    debug <general>: script.pinsentry: Starting Pin Sentry Setter
2023-05-11 10:13:53.404 T:6864    debug <general>: ------ Window Deinit (DialogAddonSettings.xml) ------
2023-05-11 10:13:53.405 T:9556    debug <general>: script.pinsentry: SetPin: Number of arguments 1
2023-05-11 10:13:53.405 T:9556    debug <general>: script.pinsentry: SetPin: number of pins is 1
2023-05-11 10:13:53.437 T:6864    debug <general>: ------ Window Init (C:\Program Files (x86)\Kodi\addons\skin.estuary\xml\DialogNumeric.xml) ------
2023-05-11 10:13:53.437 T:6864     info <general>: Loading skin file: C:\Program Files (x86)\Kodi\addons\skin.estuary\xml\DialogNumeric.xml, load type: LOAD_ON_GUI_INIT
2023-05-11 10:13:53.462 T:9556    debug <general>: script.pinsentry: NumberPad: Failed to set title
2023-05-11 10:13:53.771 T:9556    debug <general>: script.pinsentry: NumberPad: Unknown key pressed 107
2023-05-11 10:13:54.581 T:6864     info <general>: Skipped 32 duplicate messages..
2023-05-11 10:13:54.581 T:6864    debug <general>: CInputManager::ProcessMouse: trying mouse action leftclick
2023-05-11 10:13:54.582 T:9556    debug <general>: script.pinsentry: NumberPad: Entered number 1
2023-05-11 10:13:54.584 T:9556    debug <general>: script.pinsentry: NumberPad: Unknown key pressed 100
2023-05-11 10:13:54.591 T:9556    debug <general>: script.pinsentry: NumberPad: Unknown key pressed 107
2023-05-11 10:13:55.036 T:6864     info <general>: Skipped 15 duplicate messages..
2023-05-11 10:13:55.036 T:6864    debug <general>: CInputManager::ProcessMouse: trying mouse action leftclick
2023-05-11 10:13:55.037 T:9556    debug <general>: script.pinsentry: NumberPad: Entered number 2
2023-05-11 10:13:55.037 T:9556    debug <general>: script.pinsentry: NumberPad: Unknown key pressed 100
2023-05-11 10:13:55.120 T:9556    debug <general>: script.pinsentry: NumberPad: Unknown key pressed 107
2023-05-11 10:13:55.563 T:6864     info <general>: Skipped 13 duplicate messages..
2023-05-11 10:13:55.563 T:6864    debug <general>: CInputManager::ProcessMouse: trying mouse action leftclick
2023-05-11 10:13:55.564 T:9556    debug <general>: script.pinsentry: NumberPad: Entered number 1
2023-05-11 10:13:55.564 T:9556    debug <general>: script.pinsentry: NumberPad: Unknown key pressed 100
2023-05-11 10:13:55.607 T:9556    debug <general>: script.pinsentry: NumberPad: Unknown key pressed 107
2023-05-11 10:13:56.046 T:6864     info <general>: Skipped 17 duplicate messages..
2023-05-11 10:13:56.046 T:6864    debug <general>: CInputManager::ProcessMouse: trying mouse action leftclick
2023-05-11 10:13:56.047 T:9556    debug <general>: script.pinsentry: NumberPad: Entered number 2
2023-05-11 10:13:56.053 T:9556    debug <general>: script.pinsentry: NumberPad: Unknown key pressed 100
2023-05-11 10:13:56.086 T:6864    debug <general>: ------ Window Init (C:\Program Files (x86)\Kodi\addons\skin.estuary\xml\DialogNumeric.xml) ------
2023-05-11 10:13:56.086 T:6864     info <general>: Loading skin file: C:\Program Files (x86)\Kodi\addons\skin.estuary\xml\DialogNumeric.xml, load type: LOAD_ON_GUI_INIT
2023-05-11 10:13:56.103 T:9556    debug <general>: script.pinsentry: NumberPad: Failed to set title
2023-05-11 10:13:56.136 T:9556    debug <general>: script.pinsentry: NumberPad: Unknown key pressed 107
2023-05-11 10:13:56.306 T:6864     info <general>: Skipped 1 duplicate messages..
2023-05-11 10:13:56.306 T:6864    debug <general>: ------ Window Deinit (C:\Program Files (x86)\Kodi\addons\skin.estuary\xml\DialogNumeric.xml) ------
2023-05-11 10:13:56.421 T:9556    debug <general>: script.pinsentry: NumberPad: Unknown key pressed 107
2023-05-11 10:13:57.262 T:6864     info <general>: Skipped 32 duplicate messages..
2023-05-11 10:13:57.262 T:6864    debug <general>: CInputManager::ProcessMouse: trying mouse action leftclick
2023-05-11 10:13:57.262 T:9556    debug <general>: script.pinsentry: NumberPad: Entered number 1
2023-05-11 10:13:57.264 T:9556    debug <general>: script.pinsentry: NumberPad: Unknown key pressed 100
2023-05-11 10:13:57.311 T:9556    debug <general>: script.pinsentry: NumberPad: Unknown key pressed 107
2023-05-11 10:13:57.852 T:6864     info <general>: Skipped 15 duplicate messages..
2023-05-11 10:13:57.851 T:6864    debug <general>: CInputManager::ProcessMouse: trying mouse action leftclick
2023-05-11 10:13:57.852 T:9556    debug <general>: script.pinsentry: NumberPad: Entered number 2
2023-05-11 10:13:57.852 T:9556    debug <general>: script.pinsentry: NumberPad: Unknown key pressed 100
2023-05-11 10:13:57.919 T:9556    debug <general>: script.pinsentry: NumberPad: Unknown key pressed 107
2023-05-11 10:13:58.402 T:6864     info <general>: Skipped 17 duplicate messages..
2023-05-11 10:13:58.402 T:6864    debug <general>: CInputManager::ProcessMouse: trying mouse action leftclick
2023-05-11 10:13:58.402 T:9556    debug <general>: script.pinsentry: NumberPad: Entered number 1
2023-05-11 10:13:58.403 T:9556    debug <general>: script.pinsentry: NumberPad: Unknown key pressed 100
2023-05-11 10:13:58.469 T:9556    debug <general>: script.pinsentry: NumberPad: Unknown key pressed 107
2023-05-11 10:13:58.918 T:6864     info <general>: Skipped 19 duplicate messages..
2023-05-11 10:13:58.918 T:6864    debug <general>: CInputManager::ProcessMouse: trying mouse action leftclick
2023-05-11 10:13:58.919 T:9556    debug <general>: script.pinsentry: NumberPad: Entered number 2
2023-05-11 10:13:58.935 T:9556    debug <general>: script.pinsentry: NumberPad: Unknown key pressed 100
2023-05-11 10:13:58.975 T:9556    debug <general>: script.pinsentry: SetPin: Clearing pin 5
2023-05-11 10:13:58.988 T:9556    debug <general>: script.pinsentry: SetPin: Clearing pin 4
2023-05-11 10:13:59.000 T:9556    debug <general>: script.pinsentry: SetPin: Clearing pin 3
2023-05-11 10:13:59.009 T:15280   debug <general>: script.pinsentry: PinSentryMonitor: Notification of settings change received
2023-05-11 10:13:59.026 T:9556    debug <general>: script.pinsentry: SetPin: Clearing pin 2
2023-05-11 10:13:59.027 T:15280   debug <general>: script.pinsentry: PinSentryMonitor: Notification of settings change received
2023-05-11 10:13:59.082 T:9556     info <general>: Skipped 3 duplicate messages..
2023-05-11 10:13:59.082 T:9556    debug <general>: script.pinsentry: SetPin: Clearing user pin 5
2023-05-11 10:13:59.082 T:15280   debug <general>: script.pinsentry: PinSentryMonitor: Notification of settings change received
2023-05-11 10:13:59.124 T:9556    debug <general>: script.pinsentry: SetPin: Clearing user pin 4
2023-05-11 10:13:59.161 T:9556    debug <general>: script.pinsentry: SetPin: Clearing user pin 3
2023-05-11 10:13:59.178 T:6864    debug <general>: ------ Window Deinit (C:\Program Files (x86)\Kodi\addons\skin.estuary\xml\DialogNumeric.xml) ------
2023-05-11 10:13:59.200 T:9556    debug <general>: script.pinsentry: SetPin: Clearing user pin 2
2023-05-11 10:13:59.205 T:15280   debug <general>: script.pinsentry: PinSentryMonitor: Notification of settings change received
2023-05-11 10:13:59.271 T:9556     info <general>: Skipped 4 duplicate messages..
2023-05-11 10:13:59.271 T:9556    debug <general>: script.pinsentry: SetPin: Clearing user pin 1
2023-05-11 10:13:59.271 T:15280   debug <general>: script.pinsentry: PinSentryMonitor: Notification of settings change received
2023-05-11 10:13:59.386 T:9556     info <general>: Skipped 9 duplicate messages..
2023-05-11 10:13:59.386 T:9556    debug <general>: script.pinsentry: Stopping Pin Sentry Setter
2023-05-11 10:13:59.386 T:9556    debug <general>: CPythonInvoker(2, C:\Users\admin\AppData\Roaming\Kodi\addons\script.pinsentry\setpin.py): script successfully run
2023-05-11 10:13:59.386 T:9556    debug <general>: CPythonInvoker::onExecutionDone(2, C:\Users\admin\AppData\Roaming\Kodi\addons\script.pinsentry\setpin.py)
2023-05-11 10:13:59.386 T:15280   debug <general>: script.pinsentry: PinSentryMonitor: Notification of settings change received
